Archive member included to satisfy reference by file (symbol)

/usr/lib/gcc/arm-none-eabi/10.3.1/thumb/v6-m/nofp/libgcc.a(_dvmd_tls.o)
                              CMakeFiles/main.dir/pico-sdk/src/rp2_common/pico_divider/divider_hardware.S.o (__aeabi_idiv0)
/usr/lib/gcc/arm-none-eabi/10.3.1/../../../arm-none-eabi/lib/thumb/v6-m/nofp/libg.a(lib_a-atexit.o)
                              /usr/lib/gcc/arm-none-eabi/10.3.1/../../../arm-none-eabi/lib/thumb/v6-m/nofp/crt0.o (atexit)
/usr/lib/gcc/arm-none-eabi/10.3.1/../../../arm-none-eabi/lib/thumb/v6-m/nofp/libg.a(lib_a-calloc.o)
                              CMakeFiles/main.dir/pico-sdk/src/rp2_common/pico_malloc/malloc.c.o (calloc)
/usr/lib/gcc/arm-none-eabi/10.3.1/../../../arm-none-eabi/lib/thumb/v6-m/nofp/libg.a(lib_a-callocr.o)
                              /usr/lib/gcc/arm-none-eabi/10.3.1/../../../arm-none-eabi/lib/thumb/v6-m/nofp/libg.a(lib_a-calloc.o) (_calloc_r)
/usr/lib/gcc/arm-none-eabi/10.3.1/../../../arm-none-eabi/lib/thumb/v6-m/nofp/libg.a(lib_a-fini.o)
                              /usr/lib/gcc/arm-none-eabi/10.3.1/../../../arm-none-eabi/lib/thumb/v6-m/nofp/crt0.o (__libc_fini_array)
/usr/lib/gcc/arm-none-eabi/10.3.1/../../../arm-none-eabi/lib/thumb/v6-m/nofp/libg.a(lib_a-impure.o)
                              /usr/lib/gcc/arm-none-eabi/10.3.1/../../../arm-none-eabi/lib/thumb/v6-m/nofp/libg.a(lib_a-calloc.o) (_impure_ptr)
/usr/lib/gcc/arm-none-eabi/10.3.1/../../../arm-none-eabi/lib/thumb/v6-m/nofp/libg.a(lib_a-init.o)
                              /usr/lib/gcc/arm-none-eabi/10.3.1/../../../arm-none-eabi/lib/thumb/v6-m/nofp/crt0.o (__libc_init_array)
/usr/lib/gcc/arm-none-eabi/10.3.1/../../../arm-none-eabi/lib/thumb/v6-m/nofp/libg.a(lib_a-lcltime_r.o)
                              CMakeFiles/main.dir/pico-sdk/src/common/pico_util/datetime.c.o (localtime_r)
/usr/lib/gcc/arm-none-eabi/10.3.1/../../../arm-none-eabi/lib/thumb/v6-m/nofp/libg.a(lib_a-malloc.o)
                              CMakeFiles/main.dir/pico-sdk/src/rp2_common/pico_malloc/malloc.c.o (malloc)
/usr/lib/gcc/arm-none-eabi/10.3.1/../../../arm-none-eabi/lib/thumb/v6-m/nofp/libg.a(lib_a-mallocr.o)
                              /usr/lib/gcc/arm-none-eabi/10.3.1/../../../arm-none-eabi/lib/thumb/v6-m/nofp/libg.a(lib_a-callocr.o) (_malloc_r)
/usr/lib/gcc/arm-none-eabi/10.3.1/../../../arm-none-eabi/lib/thumb/v6-m/nofp/libg.a(lib_a-memcmp.o)
                              CMakeFiles/main.dir/pico-sdk/src/rp2_common/pico_atomic/atomic.c.o (memcmp)
/usr/lib/gcc/arm-none-eabi/10.3.1/../../../arm-none-eabi/lib/thumb/v6-m/nofp/libg.a(lib_a-mktime.o)
                              CMakeFiles/main.dir/pico-sdk/src/common/pico_util/datetime.c.o (mktime)
/usr/lib/gcc/arm-none-eabi/10.3.1/../../../arm-none-eabi/lib/thumb/v6-m/nofp/libg.a(lib_a-mlock.o)
                              /usr/lib/gcc/arm-none-eabi/10.3.1/../../../arm-none-eabi/lib/thumb/v6-m/nofp/libg.a(lib_a-mallocr.o) (__malloc_lock)
/usr/lib/gcc/arm-none-eabi/10.3.1/../../../arm-none-eabi/lib/thumb/v6-m/nofp/libg.a(lib_a-month_lengths.o)
                              /usr/lib/gcc/arm-none-eabi/10.3.1/../../../arm-none-eabi/lib/thumb/v6-m/nofp/libg.a(lib_a-lcltime_r.o) (__month_lengths)
/usr/lib/gcc/arm-none-eabi/10.3.1/../../../arm-none-eabi/lib/thumb/v6-m/nofp/libg.a(lib_a-rand.o)
                              CMakeFiles/main.dir/home/enigma/particle_sim/particles/particles.c.o (rand)
/usr/lib/gcc/arm-none-eabi/10.3.1/../../../arm-none-eabi/lib/thumb/v6-m/nofp/libg.a(lib_a-realloc.o)
                              CMakeFiles/main.dir/pico-sdk/src/rp2_common/pico_malloc/malloc.c.o (realloc)
/usr/lib/gcc/arm-none-eabi/10.3.1/../../../arm-none-eabi/lib/thumb/v6-m/nofp/libg.a(lib_a-reallocr.o)
                              /usr/lib/gcc/arm-none-eabi/10.3.1/../../../arm-none-eabi/lib/thumb/v6-m/nofp/libg.a(lib_a-realloc.o) (_realloc_r)
/usr/lib/gcc/arm-none-eabi/10.3.1/../../../arm-none-eabi/lib/thumb/v6-m/nofp/libg.a(lib_a-sbrkr.o)
                              /usr/lib/gcc/arm-none-eabi/10.3.1/../../../arm-none-eabi/lib/thumb/v6-m/nofp/libg.a(lib_a-mallocr.o) (_sbrk_r)
/usr/lib/gcc/arm-none-eabi/10.3.1/../../../arm-none-eabi/lib/thumb/v6-m/nofp/libg.a(lib_a-strlen-stub.o)
                              CMakeFiles/main.dir/pico-sdk/src/rp2_common/pico_stdio/stdio.c.o (strlen)
/usr/lib/gcc/arm-none-eabi/10.3.1/../../../arm-none-eabi/lib/thumb/v6-m/nofp/libg.a(lib_a-tzcalc_limits.o)
                              /usr/lib/gcc/arm-none-eabi/10.3.1/../../../arm-none-eabi/lib/thumb/v6-m/nofp/libg.a(lib_a-lcltime_r.o) (__tzcalc_limits)
/usr/lib/gcc/arm-none-eabi/10.3.1/../../../arm-none-eabi/lib/thumb/v6-m/nofp/libg.a(lib_a-tzlock.o)
                              /usr/lib/gcc/arm-none-eabi/10.3.1/../../../arm-none-eabi/lib/thumb/v6-m/nofp/libg.a(lib_a-lcltime_r.o) (__tz_lock)
/usr/lib/gcc/arm-none-eabi/10.3.1/../../../arm-none-eabi/lib/thumb/v6-m/nofp/libg.a(lib_a-tzset.o)
[...]
Memory Configuration

Name             Origin             Length             Attributes
FLASH            0x0000000010000000 0x0000000000200000 xr
RAM              0x0000000020000000 0x0000000000040000 xrw
SCRATCH_X        0x0000000020040000 0x0000000000001000 xrw
SCRATCH_Y        0x0000000020041000 0x0000000000001000 xrw
*default*        0x0000000000000000 0xffffffffffffffff

Linker script and memory map

LOAD /usr/lib/gcc/arm-none-eabi/10.3.1/thumb/v6-m/nofp/crti.o
LOAD /usr/lib/gcc/arm-none-eabi/10.3.1/thumb/v6-m/nofp/crtbegin.o
LOAD /usr/lib/gcc/arm-none-eabi/10.3.1/../../../arm-none-eabi/lib/thumb/v6-m/nofp/crt0.o

.flash_begin    0x0000000010000000        0x0
                0x0000000010000000                __flash_binary_start = .

.boot2          0x0000000010000000      0x100
                0x0000000010000000                __boot2_start__ = .
 *(.boot2)
 .boot2         0x0000000010000000      0x100 pico-sdk/src/rp2040/boot_stage2/CMakeFiles/bs2_default_library.dir/bs2_default_padded_checksummed.S.o
                0x0000000010000100                __boot2_end__ = .
                0x0000000000000001                ASSERT (((__boot2_end__ - __boot2_start__) == 0x100), ERROR: Pico second stage bootloader must be 256 bytes in size)

.text           0x0000000010000100     0x1aac
                0x0000000010000100                __logical_binary_start = .
 *(.vectors)
 .vectors       0x0000000010000100       0xd4 CMakeFiles/main.dir/pico-sdk/src/rp2_common/pico_crt0/crt0.S.o
                0x0000000010000100                __vectors
                0x0000000010000100                __VECTOR_TABLE
                0x00000000100001c0                isr_invalid
                0x00000000100001c0                __default_isrs_start
                0x00000000100001c2                isr_nmi
                0x00000000100001c4                isr_hardfault
                0x00000000100001c6                isr_svcall
                0x00000000100001c8                isr_pendsv
                0x00000000100001ca                isr_systick
                0x00000000100001cc                isr_irq30
                0x00000000100001cc                __unhandled_user_irq
                0x00000000100001cc                isr_irq13
                0x00000000100001cc                isr_irq27
                0x00000000100001cc                isr_irq31
                0x00000000100001cc                isr_irq5
                0x00000000100001cc                isr_irq11
                0x00000000100001cc                isr_irq23
                0x00000000100001cc                isr_irq18
                0x00000000100001cc                isr_irq28
                0x00000000100001cc                isr_irq19
                0x00000000100001cc                isr_irq0
                0x00000000100001cc                isr_irq6
                0x00000000100001cc                isr_irq22
                0x00000000100001cc                isr_irq17
                0x00000000100001cc                isr_irq14
                0x00000000100001cc                isr_irq2
                0x00000000100001cc                isr_irq10
                0x00000000100001cc                isr_irq8
                0x00000000100001cc                isr_irq24
                0x00000000100001cc                isr_irq1
                0x00000000100001cc                isr_irq7
                0x00000000100001cc                isr_irq21
                0x00000000100001cc                isr_irq20
                0x00000000100001cc                isr_irq15
                0x00000000100001cc                isr_irq25
                0x00000000100001cc                isr_irq4
                0x00000000100001cc                isr_irq16
                0x00000000100001cc                isr_irq29
                0x00000000100001cc                isr_irq26
                0x00000000100001cc                __default_isrs_end
                0x00000000100001cc                isr_irq3
                0x00000000100001cc                isr_irq12
                0x00000000100001cc                isr_irq9
                0x00000000100001d2                unhandled_user_irq_num_in_r0
 *(.binary_info_header)
 .binary_info_header
                0x00000000100001d4       0x14 CMakeFiles/main.dir/pico-sdk/src/rp2_common/pico_crt0/crt0.S.o
                0x00000000100001e8                __binary_info_header_end = .
 *(.embedded_block)
                0x00000000100001e8                __embedded_block_end = .
 *(.reset)
 .reset         0x00000000100001e8       0x9c CMakeFiles/main.dir/pico-sdk/src/rp2_common/pico_crt0/crt0.S.o
                0x00000000100001e8                _entry_point
 *(.init)
 .init          0x0000000010000284        0x4 /usr/lib/gcc/arm-none-eabi/10.3.1/thumb/v6-m/nofp/crti.o
                0x0000000010000284                _init
 *(EXCLUDE_FILE(*libm.a: *libc.a:*lib_a-mem*.o *libgcc.a:) .text*)
 .text          0x0000000010000288       0x98 /usr/lib/gcc/arm-none-eabi/10.3.1/thumb/v6-m/nofp/crtbegin.o
 .text.startup.main
                0x0000000010000320      0x100 CMakeFiles/main.dir/home/enigma/particle_sim/main.c.o
                0x0000000010000320                main
 .text.particle_init
                0x0000000010000420       0x88 CMakeFiles/main.dir/home/enigma/particle_sim/particles/particles.c.o
                0x0000000010000420                particle_init
 .text.particle_update
                0x00000000100004a8       0xe4 CMakeFiles/main.dir/home/enigma/particle_sim/particles/particles.c.o
                0x00000000100004a8                particle_update
 .text.particle_check_collision
                0x000000001000058c      0x148 CMakeFiles/main.dir/home/enigma/particle_sim/particles/particles.c.o
                0x000000001000058c                particle_check_collision
 .text.platform_init
                0x00000000100006d4        0x4 CMakeFiles/main.dir/platform.c.o
                0x00000000100006d4                platform_init
 .text.platform_poll_events
                0x00000000100006d8        0x4 CMakeFiles/main.dir/platform.c.o
                0x00000000100006d8                platform_poll_events
 .text.platform_get_time
                0x00000000100006dc        0x8 CMakeFiles/main.dir/platform.c.o
                0x00000000100006dc                platform_get_time
 .text.platform_draw_particle
                0x00000000100006e4        0x4 CMakeFiles/main.dir/platform.c.o
                0x00000000100006e4                platform_draw_particle
 .text.platform_update_global_acceleration
                0x00000000100006e8        0x4 CMakeFiles/main.dir/platform.c.o
                0x00000000100006e8                platform_update_global_acceleration
 .text.platform_should_terminate
                0x00000000100006ec        0x4 CMakeFiles/main.dir/platform.c.o
                0x00000000100006ec                platform_should_terminate
 .text.platform_clear_display
                0x00000000100006f0        0x4 CMakeFiles/main.dir/platform.c.o
                0x00000000100006f0                platform_clear_display
 .text.platform_update_display
                0x00000000100006f4        0x4 CMakeFiles/main.dir/platform.c.o
                0x00000000100006f4                platform_update_display
 .text.platform_terminate
                0x00000000100006f8        0x4 CMakeFiles/main.dir/platform.c.o
                0x00000000100006f8                platform_terminate
 .text.panic    0x00000000100006fc       0x30 CMakeFiles/main.dir/pico-sdk/src/rp2_common/pico_platform_panic/panic.c.o
                0x00000000100006fc                panic
 .text.hw_claim_or_assert
                0x000000001000072c       0x44 CMakeFiles/main.dir/pico-sdk/src/common/hardware_claim/claim.c.o
                0x000000001000072c                hw_claim_or_assert
 .text.next_striped_spin_lock_num
                0x0000000010000770       0x18 CMakeFiles/main.dir/pico-sdk/src/rp2_common/hardware_sync/sync.c.o
                0x0000000010000770                next_striped_spin_lock_num
 .text.spin_locks_reset
                0x0000000010000788       0x1c CMakeFiles/main.dir/pico-sdk/src/rp2_common/hardware_sync_spin_lock/sync_spin_lock.c.o
                0x0000000010000788                spin_locks_reset
 .text.runtime_init_per_core_irq_priorities
                0x00000000100007a4       0x24 CMakeFiles/main.dir/pico-sdk/src/rp2_common/hardware_irq/irq.c.o
                0x00000000100007a4                runtime_init_per_core_irq_priorities
 .text.irq_set_enabled
                0x00000000100007c8       0x24 CMakeFiles/main.dir/pico-sdk/src/rp2_common/hardware_irq/irq.c.o
                0x00000000100007c8                irq_set_enabled
 .text.irq_set_exclusive_handler
                0x00000000100007ec       0x54 CMakeFiles/main.dir/pico-sdk/src/rp2_common/hardware_irq/irq.c.o
                0x00000000100007ec                irq_set_exclusive_handler
 .text.lock_init
                0x0000000010000840       0x10 CMakeFiles/main.dir/pico-sdk/src/common/pico_sync/lock_core.c.o
                0x0000000010000840                lock_init
 .text.runtime_init_mutex
                0x0000000010000850       0x58 CMakeFiles/main.dir/pico-sdk/src/common/pico_sync/mutex.c.o
                0x0000000010000850                runtime_init_mutex
 .text.sleep_until_callback
                0x00000000100008a8       0x30 CMakeFiles/main.dir/pico-sdk/src/common/pico_time/time.c.o
 .text.alarm_pool_irq_handler
                0x00000000100008d8      0x308 CMakeFiles/main.dir/pico-sdk/src/common/pico_time/time.c.o
 .text.runtime_init_default_alarm_pool
                0x0000000010000be0       0xdc CMakeFiles/main.dir/pico-sdk/src/common/pico_time/time.c.o
                0x0000000010000be0                runtime_init_default_alarm_pool
 .text.alarm_pool_add_alarm_at_force_in_context
                0x0000000010000cbc       0xb0 CMakeFiles/main.dir/pico-sdk/src/common/pico_time/time.c.o
                0x0000000010000cbc                alarm_pool_add_alarm_at_force_in_context
 .text.alarm_pool_cancel_alarm
                0x0000000010000d6c       0x7c CMakeFiles/main.dir/pico-sdk/src/common/pico_time/time.c.o
                0x0000000010000d6c                alarm_pool_cancel_alarm
 .text.best_effort_wfe_or_timeout
                0x0000000010000de8       0xe0 CMakeFiles/main.dir/pico-sdk/src/common/pico_time/time.c.o
                0x0000000010000de8                best_effort_wfe_or_timeout
 .text.timer_hardware_alarm_claim
                0x0000000010000ec8       0x14 CMakeFiles/main.dir/pico-sdk/src/rp2_common/hardware_timer/timer.c.o
                0x0000000010000ec8                timer_hardware_alarm_claim
 .text.timer_time_us_64
                0x0000000010000edc       0x10 CMakeFiles/main.dir/pico-sdk/src/rp2_common/hardware_timer/timer.c.o
                0x0000000010000edc                timer_time_us_64
 .text.time_us_64
                0x0000000010000eec       0x14 CMakeFiles/main.dir/pico-sdk/src/rp2_common/hardware_timer/timer.c.o
                0x0000000010000eec                time_us_64
 .text.clock_configure_int_divider
                0x0000000010000f00       0xf4 CMakeFiles/main.dir/pico-sdk/src/rp2_common/hardware_clocks/clocks.c.o
                0x0000000010000f00                clock_configure_int_divider
 .text.clock_configure_undivided
                0x0000000010000ff4       0xe8 CMakeFiles/main.dir/pico-sdk/src/rp2_common/hardware_clocks/clocks.c.o
                0x0000000010000ff4                clock_configure_undivided
 .text.clock_get_hz
                0x00000000100010dc        0xc CMakeFiles/main.dir/pico-sdk/src/rp2_common/hardware_clocks/clocks.c.o
                0x00000000100010dc                clock_get_hz
 .text.pll_init
                0x00000000100010e8       0xa0 CMakeFiles/main.dir/pico-sdk/src/rp2_common/hardware_pll/pll.c.o
                0x00000000100010e8                pll_init
 .text.tick_start
                0x0000000010001188       0x10 CMakeFiles/main.dir/pico-sdk/src/rp2_common/hardware_ticks/ticks.c.o
                0x0000000010001188                tick_start
 .text.rom_func_lookup
                0x0000000010001198       0x10 CMakeFiles/main.dir/pico-sdk/src/rp2_common/pico_bootrom/bootrom.c.o
                0x0000000010001198                rom_func_lookup
 .text.rom_data_lookup
                0x00000000100011a8       0x10 CMakeFiles/main.dir/pico-sdk/src/rp2_common/pico_bootrom/bootrom.c.o
                0x00000000100011a8                rom_data_lookup
 .text.rom_funcs_lookup
                0x00000000100011b8       0x44 CMakeFiles/main.dir/pico-sdk/src/rp2_common/pico_bootrom/bootrom.c.o
                0x00000000100011b8                rom_funcs_lookup
 .text.xosc_init
                0x00000000100011fc       0x28 CMakeFiles/main.dir/pico-sdk/src/rp2_common/hardware_xosc/xosc.c.o
                0x00000000100011fc                xosc_init
 .text.first_per_core_initializer
                0x0000000010001224        0x4 CMakeFiles/main.dir/pico-sdk/src/rp2_common/pico_runtime/runtime.c.o
 .text.hard_assertion_failure
                0x0000000010001228        0xc CMakeFiles/main.dir/pico-sdk/src/rp2_common/pico_runtime/runtime.c.o
                0x0000000010001228                hard_assertion_failure
 .text.runtime_run_initializers
                0x0000000010001234       0x28 CMakeFiles/main.dir/pico-sdk/src/rp2_common/pico_runtime/runtime.c.o
                0x0000000010001234                runtime_run_initializers
 .text.runtime_init_early_resets
                0x000000001000125c       0x2c CMakeFiles/main.dir/pico-sdk/src/rp2_common/pico_runtime_init/runtime_init.c.o
                0x000000001000125c                runtime_init_early_resets
 .text.runtime_init_usb_power_down
                0x0000000010001288       0x1c CMakeFiles/main.dir/pico-sdk/src/rp2_common/pico_runtime_init/runtime_init.c.o
                0x0000000010001288                runtime_init_usb_power_down
 .text.runtime_init_post_clock_resets
                0x00000000100012a4       0x20 CMakeFiles/main.dir/pico-sdk/src/rp2_common/pico_runtime_init/runtime_init.c.o
                0x00000000100012a4                runtime_init_post_clock_resets
 .text.runtime_init_rp2040_gpio_ie_disable
                0x00000000100012c4       0x14 CMakeFiles/main.dir/pico-sdk/src/rp2_common/pico_runtime_init/runtime_init.c.o
                0x00000000100012c4                runtime_init_rp2040_gpio_ie_disable
 .text.runtime_init_spin_locks_reset
                0x00000000100012d8        0x8 CMakeFiles/main.dir/pico-sdk/src/rp2_common/pico_runtime_init/runtime_init.c.o
                0x00000000100012d8                runtime_init_spin_locks_reset
 .text.runtime_init_install_ram_vector_table
                0x00000000100012e0       0x1c CMakeFiles/main.dir/pico-sdk/src/rp2_common/pico_runtime_init/runtime_init.c.o
                0x00000000100012e0                runtime_init_install_ram_vector_table
 .text.runtime_init_clocks
                0x00000000100012fc       0xd8 CMakeFiles/main.dir/pico-sdk/src/rp2_common/pico_runtime_init/runtime_init_clocks.c.o
                0x00000000100012fc                runtime_init_clocks
 .text          0x00000000100013d4       0x10 CMakeFiles/main.dir/pico-sdk/src/rp2_common/pico_bit_ops/bit_ops_aeabi.S.o
 .text.__wrap___aeabi_idiv
                0x00000000100013e4       0x50 CMakeFiles/main.dir/pico-sdk/src/rp2_common/pico_divider/divider_hardware.S.o
                0x00000000100013e4                __wrap___aeabi_idivmod
                0x00000000100013e4                divmod_s32s32
                0x00000000100013e4                div_s32s32
                0x00000000100013e4                __wrap___aeabi_idiv
                0x00000000100013ec                divmod_s32s32_unsafe
                0x0000000010001418                divmod_s32s32_savestate
 .text.__wrap___aeabi_uidiv
                0x0000000010001434       0x4c CMakeFiles/main.dir/pico-sdk/src/rp2_common/pico_divider/divider_hardware.S.o
                0x0000000010001434                __wrap___aeabi_uidiv
                0x0000000010001434                __wrap___aeabi_uidivmod
                0x0000000010001434                div_u32u32
                0x0000000010001434                divmod_u32u32
                0x000000001000143c                divmod_u32u32_unsafe
                0x0000000010001464                divmod_u32u32_savestate
 .text.missing_double_func_shim
                0x0000000010001480        0xc CMakeFiles/main.dir/pico-sdk/src/rp2_common/pico_double/double_init_rom_rp2040.c.o
 .text.__aeabi_double_init
                0x000000001000148c       0xa4 CMakeFiles/main.dir/pico-sdk/src/rp2_common/pico_double/double_init_rom_rp2040.c.o
                0x000000001000148c                __aeabi_double_init
 .text.double_table_shim_on_use_helper
                0x0000000010001530       0x2c CMakeFiles/main.dir/pico-sdk/src/rp2_common/pico_double/double_v1_rom_shim_rp2040.S.o
                0x0000000010001530                double_table_shim_on_use_helper
 .text.__aeabi_lmul
                0x000000001000155c       0x32 CMakeFiles/main.dir/pico-sdk/src/rp2_common/pico_int64_ops/pico_int64_ops_aeabi.S.o
                0x000000001000155c                __wrap___aeabi_lmul
 *fill*         0x000000001000158e        0x2 
 .text.__wrap___aeabi_farithmetic
                0x0000000010001590       0x48 CMakeFiles/main.dir/pico-sdk/src/rp2_common/pico_float/float_aeabi_rp2040.S.o
                0x0000000010001590                __wrap___aeabi_frsub
                0x0000000010001596                __wrap___aeabi_fsub
                0x000000001000159c                __wrap___aeabi_fadd
                0x00000000100015a2                __wrap___aeabi_fdiv
                0x00000000100015ca                __wrap___aeabi_fmul
 .text.__wrap___aeabi_cfcmple
                0x00000000100015d8       0x50 CMakeFiles/main.dir/pico-sdk/src/rp2_common/pico_float/float_aeabi_rp2040.S.o
                0x00000000100015d8                __wrap___aeabi_cfrcmple
                0x00000000100015e4                __wrap___aeabi_cfcmpeq
                0x00000000100015e4                __wrap___aeabi_cfcmple
 .text.__wrap___aeabi_fcmplt
                0x0000000010001628        0xc CMakeFiles/main.dir/pico-sdk/src/rp2_common/pico_float/float_aeabi_rp2040.S.o
                0x0000000010001628                __wrap___aeabi_fcmplt
 .text.__wrap___aeabi_fcmpgt
                0x0000000010001634        0xa CMakeFiles/main.dir/pico-sdk/src/rp2_common/pico_float/float_aeabi_rp2040.S.o
                0x0000000010001634                __wrap___aeabi_fcmpgt
 *fill*         0x000000001000163e        0x2 
 .text.__wrap___aeabi_i2f
                0x0000000010001640       0x44 CMakeFiles/main.dir/pico-sdk/src/rp2_common/pico_float/float_aeabi_rp2040.S.o
                0x0000000010001640                int2float
                0x0000000010001640                __wrap___aeabi_i2f
 .text.__wrap_sqrtf
                0x0000000010001684        0xc CMakeFiles/main.dir/pico-sdk/src/rp2_common/pico_float/float_aeabi_rp2040.S.o
                0x0000000010001684                __wrap_sqrtf
 .text.missing_float_func_shim
                0x0000000010001690        0xc CMakeFiles/main.dir/pico-sdk/src/rp2_common/pico_float/float_init_rom_rp2040.c.o
 .text.__aeabi_float_init
                0x000000001000169c       0x5c CMakeFiles/main.dir/pico-sdk/src/rp2_common/pico_float/float_init_rom_rp2040.c.o
                0x000000001000169c                __aeabi_float_init
 .text          0x00000000100016f8       0x10 CMakeFiles/main.dir/pico-sdk/src/rp2_common/pico_mem_ops/mem_ops_aeabi.S.o
                0x00000000100016f8                __aeabi_mem_init
 .text.memset   0x0000000010001708        0xc CMakeFiles/main.dir/pico-sdk/src/rp2_common/pico_mem_ops/mem_ops_aeabi.S.o
                0x0000000010001708                __wrap_memset
 .text.memcpy   0x0000000010001714        0xc CMakeFiles/main.dir/pico-sdk/src/rp2_common/pico_mem_ops/mem_ops_aeabi.S.o
                0x0000000010001714                __wrap___aeabi_memcpy
                0x0000000010001714                __wrap_memcpy
 .text._out_char
                0x0000000010001720       0x10 CMakeFiles/main.dir/pico-sdk/src/rp2_common/pico_printf/printf.c.o
 .text.weak_raw_vprintf
                0x0000000010001730       0x30 CMakeFiles/main.dir/pico-sdk/src/rp2_common/pico_printf/printf.c.o
                0x0000000010001730                weak_raw_vprintf
 .text._exit    0x0000000010001760        0x4 CMakeFiles/main.dir/pico-sdk/src/rp2_common/pico_clib_interface/newlib_interface.c.o
                0x0000000010001760                _exit
 .text.exit     0x0000000010001764        0x8 CMakeFiles/main.dir/pico-sdk/src/rp2_common/pico_clib_interface/newlib_interface.c.o
                0x0000000010001764                exit
 .text.runtime_init
                0x000000001000176c       0x2c CMakeFiles/main.dir/pico-sdk/src/rp2_common/pico_clib_interface/newlib_interface.c.o
                0x000000001000176c                runtime_init
 .text.stdio_out_chars_no_crlf
                0x0000000010001798       0x10 CMakeFiles/main.dir/pico-sdk/src/rp2_common/pico_stdio/stdio.c.o
 .text.stdio_out_chars_crlf
                0x00000000100017a8       0xb4 CMakeFiles/main.dir/pico-sdk/src/rp2_common/pico_stdio/stdio.c.o
 .text.stdio_put_string
                0x000000001000185c      0x100 CMakeFiles/main.dir/pico-sdk/src/rp2_common/pico_stdio/stdio.c.o
                0x000000001000185c                stdio_put_string
 .text.__wrap_putchar
                0x000000001000195c       0x98 CMakeFiles/main.dir/pico-sdk/src/rp2_common/pico_stdio/stdio.c.o
                0x000000001000195c                stdio_putchar
                0x000000001000195c                __wrap_putchar
 .text.__wrap_puts
                0x00000000100019f4       0x3c CMakeFiles/main.dir/pico-sdk/src/rp2_common/pico_stdio/stdio.c.o
                0x00000000100019f4                __wrap_puts
                0x00000000100019f4                stdio_puts
 .text.startup._retrieve_unique_id_on_boot
                0x0000000010001a30       0x10 CMakeFiles/main.dir/pico-sdk/src/rp2_common/pico_unique_id/unique_id.c.o
 .text.flash_get_unique_id
                0x0000000010001a40       0x40 CMakeFiles/main.dir/pico-sdk/src/rp2_common/hardware_flash/flash.c.o
                0x0000000010001a40                flash_get_unique_id
 .text          0x0000000010001a80       0x48 /usr/lib/gcc/arm-none-eabi/10.3.1/../../../arm-none-eabi/lib/thumb/v6-m/nofp/libg.a(lib_a-rand.o)
                0x0000000010001a80                srand
                0x0000000010001a94                rand
 .text          0x0000000010001ac8       0x5c /usr/lib/gcc/arm-none-eabi/10.3.1/../../../arm-none-eabi/lib/thumb/v6-m/nofp/libg.a(lib_a-strlen-stub.o)
                0x0000000010001ac8                strlen
 *(.fini)
 .fini          0x0000000010001b24        0x4 /usr/lib/gcc/arm-none-eabi/10.3.1/thumb/v6-m/nofp/crti.o
                0x0000000010001b24                _fini
 .fini.__stub   0x0000000010001b28       0x40 linker stubs
 *crtbegin.o(.ctors)
 *crtbegin?.o(.ctors)
 *(EXCLUDE_FILE(*crtend.o *crtend?.o) .ctors)
 *(SORT_BY_NAME(.ctors.*))
 *(.ctors)
 *crtbegin.o(.dtors)
 *crtbegin?.o(.dtors)
 *(EXCLUDE_FILE(*crtend.o *crtend?.o) .dtors)
 *(SORT_BY_NAME(.dtors.*))
 *(.dtors)
                0x0000000010001b68                . = ALIGN (0x4)
                0x0000000010001b68                PROVIDE (__preinit_array_start = .)
 *(SORT_BY_NAME(.preinit_array.*))
 .preinit_array.00100
                0x0000000010001b68        0x4 CMakeFiles/main.dir/pico-sdk/src/rp2_common/pico_runtime_init/runtime_init.c.o
                0x0000000010001b68                __pre_init_runtime_init_early_resets
 .preinit_array.00101
                0x0000000010001b6c        0x4 CMakeFiles/main.dir/pico-sdk/src/rp2_common/pico_runtime_init/runtime_init.c.o
                0x0000000010001b6c                __pre_init_runtime_init_usb_power_down
 .preinit_array.00275
                0x0000000010001b70        0x4 CMakeFiles/main.dir/pico-sdk/src/rp2_common/pico_bit_ops/bit_ops_aeabi.S.o
 .preinit_array.00300
                0x0000000010001b74        0x4 CMakeFiles/main.dir/pico-sdk/src/rp2_common/pico_mem_ops/mem_ops_aeabi.S.o
 .preinit_array.00350
                0x0000000010001b78        0x4 CMakeFiles/main.dir/pico-sdk/src/rp2_common/pico_double/double_aeabi_rp2040.S.o
 .preinit_array.00350
                0x0000000010001b7c        0x4 CMakeFiles/main.dir/pico-sdk/src/rp2_common/pico_float/float_aeabi_rp2040.S.o
 .preinit_array.00500
                0x0000000010001b80        0x4 CMakeFiles/main.dir/pico-sdk/src/rp2_common/pico_runtime_init/runtime_init.c.o
                0x0000000010001b80                __pre_init_runtime_init_clocks
 .preinit_array.00600
                0x0000000010001b84        0x4 CMakeFiles/main.dir/pico-sdk/src/rp2_common/pico_runtime_init/runtime_init.c.o
                0x0000000010001b84                __pre_init_runtime_init_post_clock_resets
 .preinit_array.00700
                0x0000000010001b88        0x4 CMakeFiles/main.dir/pico-sdk/src/rp2_common/pico_runtime_init/runtime_init.c.o
                0x0000000010001b88                __pre_init_runtime_init_rp2040_gpio_ie_disable
 .preinit_array.01000
                0x0000000010001b8c        0x4 CMakeFiles/main.dir/pico-sdk/src/rp2_common/pico_runtime_init/runtime_init.c.o
                0x0000000010001b8c                __pre_init_runtime_init_spin_locks_reset
 .preinit_array.01100
                0x0000000010001b90        0x4 CMakeFiles/main.dir/pico-sdk/src/common/pico_sync/mutex.c.o
                0x0000000010001b90                __pre_init_runtime_init_mutex
 .preinit_array.10080
                0x0000000010001b94        0x4 CMakeFiles/main.dir/pico-sdk/src/rp2_common/pico_runtime_init/runtime_init.c.o
                0x0000000010001b94                __pre_init_runtime_init_install_ram_vector_table
 .preinit_array.11000
                0x0000000010001b98        0x4 CMakeFiles/main.dir/pico-sdk/src/common/pico_time/time.c.o
                0x0000000010001b98                __pre_init_runtime_init_default_alarm_pool
 .preinit_array.YYYYY
                0x0000000010001b9c        0x4 CMakeFiles/main.dir/pico-sdk/src/rp2_common/pico_runtime/runtime.c.o
                0x0000000010001b9c                __pre_init_first_per_core_initializer
 .preinit_array.ZZZZZ.01200
                0x0000000010001ba0        0x4 CMakeFiles/main.dir/pico-sdk/src/rp2_common/hardware_irq/irq.c.o
                0x0000000010001ba0                __pre_init_runtime_init_per_core_irq_priorities
 *(.preinit_array)
                0x0000000010001ba4                PROVIDE (__preinit_array_end = .)
                0x0000000010001ba4                . = ALIGN (0x4)
                0x0000000010001ba4                PROVIDE (__init_array_start = .)
 *(SORT_BY_NAME(.init_array.*))
 *(.init_array)
 .init_array    0x0000000010001ba4        0x4 /usr/lib/gcc/arm-none-eabi/10.3.1/thumb/v6-m/nofp/crtbegin.o
 .init_array    0x0000000010001ba8        0x4 CMakeFiles/main.dir/pico-sdk/src/rp2_common/pico_unique_id/unique_id.c.o
                0x0000000010001bac                PROVIDE (__init_array_end = .)
                0x0000000010001bac                . = ALIGN (0x4)
                0x0000000010001bac                PROVIDE (__fini_array_start = .)
 *(SORT_BY_NAME(.fini_array.*))
 *(.fini_array)
                0x0000000010001bac                PROVIDE (__fini_array_end = .)
 *(.eh_frame*)
 .eh_frame      0x0000000010001bac        0x0 /usr/lib/gcc/arm-none-eabi/10.3.1/thumb/v6-m/nofp/crtbegin.o
                0x0000000010001bac                . = ALIGN (0x4)

.glue_7         0x0000000010001bac        0x0
 .glue_7        0x0000000010001bac        0x0 linker stubs

.glue_7t        0x0000000010001bac        0x0
 .glue_7t       0x0000000010001bac        0x0 linker stubs

.vfp11_veneer   0x0000000010001bac        0x0
 .vfp11_veneer  0x0000000010001bac        0x0 linker stubs

.v4_bx          0x0000000010001bac        0x0
 .v4_bx         0x0000000010001bac        0x0 linker stubs

.iplt           0x0000000010001bac        0x0
 .iplt          0x0000000010001bac        0x0 /usr/lib/gcc/arm-none-eabi/10.3.1/thumb/v6-m/nofp/crtbegin.o

.rodata         0x0000000010001bac       0xf0
 *(EXCLUDE_FILE(*libm.a: *libc.a:*lib_a-mem*.o *libgcc.a:) .rodata*)
 .rodata.panic.str1.4
                0x0000000010001bac       0x12 CMakeFiles/main.dir/pico-sdk/src/rp2_common/pico_platform_panic/panic.c.o
 *fill*         0x0000000010001bbe        0x2 
 .rodata.timer_hardware_alarm_claim.str1.4
                0x0000000010001bc0       0x22 CMakeFiles/main.dir/pico-sdk/src/rp2_common/hardware_timer/timer.c.o
 *fill*         0x0000000010001be2        0x2 
 .rodata.hard_assertion_failure.str1.4
                0x0000000010001be4        0xc CMakeFiles/main.dir/pico-sdk/src/rp2_common/pico_runtime/runtime.c.o
 .rodata.missing_double_func_shim.str1.4
                0x0000000010001bf0       0x18 CMakeFiles/main.dir/pico-sdk/src/rp2_common/pico_double/double_init_rom_rp2040.c.o
 .rodata.missing_float_func_shim.str1.4
                0x0000000010001c08       0x18 CMakeFiles/main.dir/pico-sdk/src/rp2_common/pico_float/float_init_rom_rp2040.c.o
                                          0x1 (size before relaxing)
 .rodata.str1.4
                0x0000000010001c08       0x3c CMakeFiles/main.dir/pico-sdk/src/rp2_common/pico_standard_binary_info/standard_binary_info.c.o
 .rodata.__bi_26
                0x0000000010001c44        0xc CMakeFiles/main.dir/pico-sdk/src/rp2_common/pico_standard_binary_info/standard_binary_info.c.o
 .rodata.__bi_34
                0x0000000010001c50        0xc CMakeFiles/main.dir/pico-sdk/src/rp2_common/pico_standard_binary_info/standard_binary_info.c.o
 .rodata.__bi_42
                0x0000000010001c5c        0xc CMakeFiles/main.dir/pico-sdk/src/rp2_common/pico_standard_binary_info/standard_binary_info.c.o
 .rodata.__bi_48
                0x0000000010001c68        0xc CMakeFiles/main.dir/pico-sdk/src/rp2_common/pico_standard_binary_info/standard_binary_info.c.o
 .rodata.__bi_54
                0x0000000010001c74        0xc CMakeFiles/main.dir/pico-sdk/src/rp2_common/pico_standard_binary_info/standard_binary_info.c.o
 .rodata.__bi_78
                0x0000000010001c80        0xc CMakeFiles/main.dir/pico-sdk/src/rp2_common/pico_standard_binary_info/standard_binary_info.c.o
 .rodata.__bi_84
                0x0000000010001c8c        0xc CMakeFiles/main.dir/pico-sdk/src/rp2_common/pico_standard_binary_info/standard_binary_info.c.o
 .rodata.crlf_str.0
                0x0000000010001c98        0x2 CMakeFiles/main.dir/pico-sdk/src/rp2_common/pico_stdio/stdio.c.o
                0x0000000010001c9c                . = ALIGN (0x4)
 *fill*         0x0000000010001c9a        0x2 
 *(SORT_BY_ALIGNMENT(SORT_BY_NAME(.flashdata*)))
                0x0000000010001c9c                . = ALIGN (0x4)

.ARM.extab
 *(.ARM.extab* .gnu.linkonce.armextab.*)
                0x0000000010001c9c                __exidx_start = .

.ARM.exidx
 *(.ARM.exidx* .gnu.linkonce.armexidx.*)
                0x0000000010001c9c                __exidx_end = .
                0x0000000010001c9c                . = ALIGN (0x4)
                0x0000000010001c9c                __binary_info_start = .

.binary_info    0x0000000010001c9c       0x1c
 *(.binary_info.keep.*)
 .binary_info.keep.__bi_ptr26
                0x0000000010001c9c        0x4 CMakeFiles/main.dir/pico-sdk/src/rp2_common/pico_standard_binary_info/standard_binary_info.c.o
 .binary_info.keep.__bi_ptr34
                0x0000000010001ca0        0x4 CMakeFiles/main.dir/pico-sdk/src/rp2_common/pico_standard_binary_info/standard_binary_info.c.o
 .binary_info.keep.__bi_ptr42
                0x0000000010001ca4        0x4 CMakeFiles/main.dir/pico-sdk/src/rp2_common/pico_standard_binary_info/standard_binary_info.c.o
 .binary_info.keep.__bi_ptr48
                0x0000000010001ca8        0x4 CMakeFiles/main.dir/pico-sdk/src/rp2_common/pico_standard_binary_info/standard_binary_info.c.o
 .binary_info.keep.__bi_ptr54
                0x0000000010001cac        0x4 CMakeFiles/main.dir/pico-sdk/src/rp2_common/pico_standard_binary_info/standard_binary_info.c.o
 .binary_info.keep.__bi_ptr78
                0x0000000010001cb0        0x4 CMakeFiles/main.dir/pico-sdk/src/rp2_common/pico_standard_binary_info/standard_binary_info.c.o
 .binary_info.keep.__bi_ptr84
                0x0000000010001cb4        0x4 CMakeFiles/main.dir/pico-sdk/src/rp2_common/pico_standard_binary_info/standard_binary_info.c.o
 *(.binary_info.*)
                0x0000000010001cb8                __binary_info_end = .

.rel.dyn        0x0000000010001cb8        0x0
 .rel.iplt      0x0000000010001cb8        0x0 /usr/lib/gcc/arm-none-eabi/10.3.1/thumb/v6-m/nofp/crtbegin.o
                0x0000000010001cb8                . = ALIGN (0x4)

.ram_vector_table
                0x0000000020000000       0xc0
 *(.ram_vector_table)
 .ram_vector_table
                0x0000000020000000       0xc0 CMakeFiles/main.dir/pico-sdk/src/rp2_common/pico_runtime_init/runtime_init.c.o
                0x0000000020000000                ram_vector_table

.uninitialized_data
                0x00000000200000c0        0x0
                0x00000000200000c0                . = ALIGN (0x4)
 *(.uninitialized_data*)

.data           0x00000000200000c0      0x698 load address 0x0000000010001cb8
                0x00000000200000c0                __data_start__ = .
 *(vtable)
 *(.time_critical*)
 .time_critical.mutex_try_enter_block_until
                0x00000000200000c0       0x9c CMakeFiles/main.dir/pico-sdk/src/common/pico_sync/mutex.c.o
                0x00000000200000c0                mutex_try_enter_block_until
 .time_critical.mutex_exit
                0x000000002000015c       0x28 CMakeFiles/main.dir/pico-sdk/src/common/pico_sync/mutex.c.o
                0x000000002000015c                mutex_exit
 .time_critical.flash_init_boot2_copyout
                0x0000000020000184       0x30 CMakeFiles/main.dir/pico-sdk/src/rp2_common/hardware_flash/flash.c.o
 .time_critical.flash_enable_xip_via_boot2
                0x00000000200001b4       0x10 CMakeFiles/main.dir/pico-sdk/src/rp2_common/hardware_flash/flash.c.o
 .time_critical.flash_cs_force
                0x00000000200001c4       0x38 CMakeFiles/main.dir/pico-sdk/src/rp2_common/hardware_flash/flash.c.o
 .time_critical.flash_do_cmd
                0x00000000200001fc       0xc4 CMakeFiles/main.dir/pico-sdk/src/rp2_common/hardware_flash/flash.c.o
                0x00000000200001fc                flash_do_cmd
 *(.text*)
 .text          0x00000000200002c0        0x4 /usr/lib/gcc/arm-none-eabi/10.3.1/thumb/v6-m/nofp/libgcc.a(_dvmd_tls.o)
                0x00000000200002c0                __aeabi_ldiv0
                0x00000000200002c0                __aeabi_idiv0
 *fill*         0x00000000200002c4        0x4 
 .text.__stub   0x00000000200002c8       0x10 linker stubs
                0x00000000200002d8                . = ALIGN (0x4)
 *(.rodata*)
                0x00000000200002d8                . = ALIGN (0x4)
 *(.data*)
 .data.striped_spin_lock_num
                0x00000000200002d8        0x1 CMakeFiles/main.dir/pico-sdk/src/rp2_common/hardware_sync/sync.c.o
 *fill*         0x00000000200002d9        0x3 
 .data.default_alarm_pool
                0x00000000200002dc       0x18 CMakeFiles/main.dir/pico-sdk/src/common/pico_time/time.c.o
 *fill*         0x00000000200002f4        0xc 
 .data.aeabi_bits_funcs
                0x0000000020000300       0x10 CMakeFiles/main.dir/pico-sdk/src/rp2_common/pico_bit_ops/bit_ops_aeabi.S.o
                0x0000000020000300                aeabi_bits_funcs
                0x0000000020000310                aeabi_bits_funcs_end
 .data.aeabi_mem_funcs
                0x0000000020000310       0x10 CMakeFiles/main.dir/pico-sdk/src/rp2_common/pico_mem_ops/mem_ops_aeabi.S.o
                0x0000000020000310                aeabi_mem_funcs
                0x0000000020000320                aeabi_mem_funcs_end
 .data          0x0000000020000320      0x430 /usr/lib/gcc/arm-none-eabi/10.3.1/../../../arm-none-eabi/lib/thumb/v6-m/nofp/libg.a(lib_a-impure.o)
                0x0000000020000320                _impure_ptr
                0x0000000020000750                . = ALIGN (0x4)
 *(.after_data.*)
                0x0000000020000750                . = ALIGN (0x4)
                0x0000000020000750                PROVIDE (__mutex_array_start = .)
 *(SORT_BY_NAME(.mutex_array.*))
 *(.mutex_array)
 .mutex_array   0x0000000020000750        0x8 CMakeFiles/main.dir/pico-sdk/src/rp2_common/pico_stdio/stdio.c.o
                0x0000000020000758                PROVIDE (__mutex_array_end = .)
                0x0000000020000758                . = ALIGN (0x4)
 *(.jcr)
                0x0000000020000758                . = ALIGN (0x4)

.tm_clone_table
                0x0000000020000758        0x0 load address 0x0000000010002350
 .tm_clone_table
                0x0000000020000758        0x0 /usr/lib/gcc/arm-none-eabi/10.3.1/thumb/v6-m/nofp/crtbegin.o
 .tm_clone_table
                0x0000000020000758        0x0 /usr/lib/gcc/arm-none-eabi/10.3.1/thumb/v6-m/nofp/crtend.o

.igot.plt       0x0000000020000758        0x0 load address 0x0000000010002350
 .igot.plt      0x0000000020000758        0x0 /usr/lib/gcc/arm-none-eabi/10.3.1/thumb/v6-m/nofp/crtbegin.o

.tdata          0x0000000020000758        0x0 load address 0x0000000010002350
                0x0000000020000758                . = ALIGN (0x4)
 *(.tdata .tdata.* .gnu.linkonce.td.*)
                0x0000000020000758                __tdata_end = .
                0x0000000020000758                PROVIDE (__data_end__ = .)
                0x0000000010001cb8                __etext = LOADADDR (.data)

.tbss           0x0000000020000758        0x0 load address 0x0000000010002350
                0x0000000020000758                . = ALIGN (0x4)
                0x0000000020000758                __bss_start__ = .
                0x0000000020000758                __tls_base = .
 *(.tbss .tbss.* .gnu.linkonce.tb.*)
 *(.tcommon)
                0x0000000020000758                __tls_end = .

.bss            0x0000000020000758      0x4fc load address 0x0000000010002350
                0x0000000020000758                . = ALIGN (0x4)
                0x0000000020000758                __tbss_end = .
 *(SORT_BY_ALIGNMENT(SORT_BY_NAME(.bss*)))
 .bss.default_alarm_pool_entries
                0x0000000020000758      0x180 CMakeFiles/main.dir/pico-sdk/src/common/pico_time/time.c.o
 .bss.sd_table  0x00000000200008d8      0x100 CMakeFiles/main.dir/pico-sdk/src/rp2_common/pico_double/double_init_rom_rp2040.c.o
                0x00000000200008d8                sd_table
 .bss           0x00000000200009d8       0x1c /usr/lib/gcc/arm-none-eabi/10.3.1/thumb/v6-m/nofp/crtbegin.o
 .bss.boot2_copyout
                0x00000000200009f4      0x100 CMakeFiles/main.dir/pico-sdk/src/rp2_common/hardware_flash/flash.c.o
 .bss.claimed   0x0000000020000af4        0x1 CMakeFiles/main.dir/pico-sdk/src/rp2_common/hardware_timer/timer.c.o
 *fill*         0x0000000020000af5        0x3 
 .bss.configured_freq
                0x0000000020000af8       0x28 CMakeFiles/main.dir/pico-sdk/src/rp2_common/hardware_clocks/clocks.c.o
 .bss.drivers   0x0000000020000b20        0x4 CMakeFiles/main.dir/pico-sdk/src/rp2_common/pico_stdio/stdio.c.o
 .bss.filter    0x0000000020000b24        0x4 CMakeFiles/main.dir/pico-sdk/src/rp2_common/pico_stdio/stdio.c.o
 .bss.lastTime.0
                0x0000000020000b28        0x4 CMakeFiles/main.dir/home/enigma/particle_sim/main.c.o
 .bss.lazy_vsnprintf
                0x0000000020000b2c        0x4 CMakeFiles/main.dir/pico-sdk/src/rp2_common/pico_printf/printf.c.o
 .bss.pools     0x0000000020000b30       0x10 CMakeFiles/main.dir/pico-sdk/src/common/pico_time/time.c.o
 .bss.retrieved_id
                0x0000000020000b40        0x8 CMakeFiles/main.dir/pico-sdk/src/rp2_common/pico_unique_id/unique_id.c.o
 .bss.sf_clz_func
                0x0000000020000b48        0x4 CMakeFiles/main.dir/pico-sdk/src/rp2_common/pico_double/double_init_rom_rp2040.c.o
                0x0000000020000b48                sf_clz_func
 .bss.sf_table  0x0000000020000b4c      0x100 CMakeFiles/main.dir/pico-sdk/src/rp2_common/pico_float/float_init_rom_rp2040.c.o
                0x0000000020000b4c                sf_table
 .bss.sleep_notifier
                0x0000000020000c4c        0x4 CMakeFiles/main.dir/pico-sdk/src/common/pico_time/time.c.o
 .bss.boot2_copyout_valid
                0x0000000020000c50        0x1 CMakeFiles/main.dir/pico-sdk/src/rp2_common/hardware_flash/flash.c.o
 *(COMMON)
                0x0000000020000c54                . = ALIGN (0x4)
 *fill*         0x0000000020000c51        0x3 
                0x0000000020000c54                __bss_end__ = .

.heap           0x0000000020000c54      0x800 load address 0x0000000010002350
                0x0000000020000c54                __end__ = .
                0x0000000020000c54                end = __end__
 *(.heap*)
 .heap          0x0000000020000c54      0x800 CMakeFiles/main.dir/pico-sdk/src/rp2_common/pico_crt0/crt0.S.o
                0x0000000020040000                __HeapLimit = (ORIGIN (RAM) + LENGTH (RAM))

.scratch_x      0x0000000020040000        0x0 load address 0x0000000010002350
                0x0000000020040000                __scratch_x_start__ = .
 *(.scratch_x.*)
                0x0000000020040000                . = ALIGN (0x4)
                0x0000000020040000                __scratch_x_end__ = .
                0x0000000010002350                __scratch_x_source__ = LOADADDR (.scratch_x)

.scratch_y      0x0000000020041000        0x0 load address 0x0000000010002350
                0x0000000020041000                __scratch_y_start__ = .
 *(.scratch_y.*)
                0x0000000020041000                . = ALIGN (0x4)
                0x0000000020041000                __scratch_y_end__ = .
                0x0000000010002350                __scratch_y_source__ = LOADADDR (.scratch_y)

.stack1_dummy   0x0000000020040000        0x0
 *(.stack1*)

.stack_dummy    0x0000000020041000      0x800
 *(.stack*)
 .stack         0x0000000020041000      0x800 CMakeFiles/main.dir/pico-sdk/src/rp2_common/pico_crt0/crt0.S.o

.flash_end      0x0000000010002350        0x0
 *(.embedded_end_block*)
                0x0000000010002350                PROVIDE (__flash_binary_end = .)
                0x0000000020040000                __StackLimit = (ORIGIN (RAM) + LENGTH (RAM))
                0x0000000020041000                __StackOneTop = (ORIGIN (SCRATCH_X) + LENGTH (SCRATCH_X))
                0x0000000020042000                __StackTop = (ORIGIN (SCRATCH_Y) + LENGTH (SCRATCH_Y))
                0x0000000020041000                __StackOneBottom = (__StackOneTop - SIZEOF (.stack1_dummy))
                0x0000000020041800                __StackBottom = (__StackTop - SIZEOF (.stack_dummy))
                0x0000000020042000                PROVIDE (__stack = __StackTop)
                [!provide]                        PROVIDE (__heap_start = __end__)
                [!provide]                        PROVIDE (__heap_end = __HeapLimit)
                [!provide]                        PROVIDE (__tls_align = MAX (ALIGNOF (.tdata), ALIGNOF (.tbss)))
                [!provide]                        PROVIDE (__tls_size_align = (((__tls_size + __tls_align) - 0x1) & ~ ((__tls_align - 0x1))))
                [!provide]                        PROVIDE (__arm32_tls_tcb_offset = MAX (0x8, __tls_align))
                [!provide]                        PROVIDE (_end = __end__)
                [!provide]                        PROVIDE (__llvm_libc_heap_limit = __HeapLimit)
                0x0000000000000001                ASSERT ((__StackLimit >= __HeapLimit), region RAM overflowed)
                0x0000000000000001                ASSERT (((__binary_info_header_end - __logical_binary_start) <= 0x100), Binary info must be in first 256 bytes of the binary)
LOAD CMakeFiles/main.dir/home/enigma/particle_sim/main.c.o
LOAD CMakeFiles/main.dir/home/enigma/particle_sim/particles/particles.c.o
LOAD CMakeFiles/main.dir/platform.c.o
LOAD CMakeFiles/main.dir/pico-sdk/src/rp2_common/pico_stdlib/stdlib.c.o
LOAD CMakeFiles/main.dir/pico-sdk/src/rp2_common/hardware_gpio/gpio.c.o
LOAD CMakeFiles/main.dir/pico-sdk/src/rp2040/pico_platform/platform.c.o
LOAD CMakeFiles/main.dir/pico-sdk/src/rp2_common/pico_platform_panic/panic.c.o
LOAD CMakeFiles/main.dir/pico-sdk/src/common/hardware_claim/claim.c.o
LOAD CMakeFiles/main.dir/pico-sdk/src/rp2_common/hardware_sync/sync.c.o
LOAD CMakeFiles/main.dir/pico-sdk/src/rp2_common/hardware_sync_spin_lock/sync_spin_lock.c.o
LOAD CMakeFiles/main.dir/pico-sdk/src/rp2_common/hardware_irq/irq.c.o
LOAD CMakeFiles/main.dir/pico-sdk/src/rp2_common/hardware_irq/irq_handler_chain.S.o
LOAD CMakeFiles/main.dir/pico-sdk/src/common/pico_sync/sem.c.o
LOAD CMakeFiles/main.dir/pico-sdk/src/common/pico_sync/lock_core.c.o
LOAD CMakeFiles/main.dir/pico-sdk/src/common/pico_sync/mutex.c.o
LOAD CMakeFiles/main.dir/pico-sdk/src/common/pico_sync/critical_section.c.o
LOAD CMakeFiles/main.dir/pico-sdk/src/common/pico_time/time.c.o
LOAD CMakeFiles/main.dir/pico-sdk/src/common/pico_time/timeout_helper.c.o
LOAD CMakeFiles/main.dir/pico-sdk/src/rp2_common/hardware_timer/timer.c.o
LOAD CMakeFiles/main.dir/pico-sdk/src/common/pico_util/datetime.c.o
LOAD CMakeFiles/main.dir/pico-sdk/src/common/pico_util/pheap.c.o
LOAD CMakeFiles/main.dir/pico-sdk/src/common/pico_util/queue.c.o
LOAD CMakeFiles/main.dir/pico-sdk/src/rp2_common/hardware_uart/uart.c.o
LOAD CMakeFiles/main.dir/pico-sdk/src/rp2_common/hardware_clocks/clocks.c.o
LOAD CMakeFiles/main.dir/pico-sdk/src/rp2_common/hardware_pll/pll.c.o
LOAD CMakeFiles/main.dir/pico-sdk/src/rp2_common/hardware_vreg/vreg.c.o
LOAD CMakeFiles/main.dir/pico-sdk/src/rp2_common/hardware_watchdog/watchdog.c.o
LOAD CMakeFiles/main.dir/pico-sdk/src/rp2_common/hardware_ticks/ticks.c.o
LOAD CMakeFiles/main.dir/pico-sdk/src/rp2_common/pico_bootrom/bootrom.c.o
LOAD CMakeFiles/main.dir/pico-sdk/src/rp2_common/pico_bootrom/bootrom_lock.c.o
LOAD CMakeFiles/main.dir/pico-sdk/src/rp2_common/hardware_boot_lock/boot_lock.c.o
LOAD CMakeFiles/main.dir/pico-sdk/src/rp2_common/pico_flash/flash.c.o
LOAD CMakeFiles/main.dir/pico-sdk/src/rp2_common/hardware_xosc/xosc.c.o
LOAD CMakeFiles/main.dir/pico-sdk/src/rp2_common/hardware_divider/divider.S.o
LOAD CMakeFiles/main.dir/pico-sdk/src/rp2_common/pico_runtime/runtime.c.o
LOAD CMakeFiles/main.dir/pico-sdk/src/rp2_common/pico_runtime_init/runtime_init.c.o
LOAD CMakeFiles/main.dir/pico-sdk/src/rp2_common/pico_runtime_init/runtime_init_clocks.c.o
LOAD CMakeFiles/main.dir/pico-sdk/src/rp2_common/pico_runtime_init/runtime_init_stack_guard.c.o
LOAD CMakeFiles/main.dir/pico-sdk/src/rp2_common/pico_bit_ops/bit_ops_aeabi.S.o
LOAD CMakeFiles/main.dir/pico-sdk/src/rp2_common/pico_divider/divider_hardware.S.o
LOAD CMakeFiles/main.dir/pico-sdk/src/rp2_common/pico_double/double_aeabi_rp2040.S.o
LOAD CMakeFiles/main.dir/pico-sdk/src/rp2_common/pico_double/double_init_rom_rp2040.c.o
LOAD CMakeFiles/main.dir/pico-sdk/src/rp2_common/pico_double/double_math.c.o
LOAD CMakeFiles/main.dir/pico-sdk/src/rp2_common/pico_double/double_v1_rom_shim_rp2040.S.o
LOAD CMakeFiles/main.dir/pico-sdk/src/rp2_common/pico_int64_ops/pico_int64_ops_aeabi.S.o
LOAD CMakeFiles/main.dir/pico-sdk/src/rp2_common/pico_float/float_aeabi_rp2040.S.o
LOAD CMakeFiles/main.dir/pico-sdk/src/rp2_common/pico_float/float_init_rom_rp2040.c.o
LOAD CMakeFiles/main.dir/pico-sdk/src/rp2_common/pico_float/float_math.c.o
LOAD CMakeFiles/main.dir/pico-sdk/src/rp2_common/pico_float/float_v1_rom_shim_rp2040.S.o
LOAD CMakeFiles/main.dir/pico-sdk/src/rp2_common/pico_malloc/malloc.c.o
LOAD CMakeFiles/main.dir/pico-sdk/src/rp2_common/pico_mem_ops/mem_ops_aeabi.S.o
LOAD CMakeFiles/main.dir/pico-sdk/src/rp2_common/pico_atomic/atomic.c.o
LOAD CMakeFiles/main.dir/pico-sdk/src/rp2_common/pico_cxx_options/new_delete.cpp.o
LOAD CMakeFiles/main.dir/pico-sdk/src/rp2_common/pico_standard_binary_info/standard_binary_info.c.o
LOAD CMakeFiles/main.dir/pico-sdk/src/rp2_common/pico_printf/printf.c.o
LOAD CMakeFiles/main.dir/pico-sdk/src/rp2_common/pico_crt0/crt0.S.o
LOAD CMakeFiles/main.dir/pico-sdk/src/rp2_common/pico_clib_interface/newlib_interface.c.o
LOAD CMakeFiles/main.dir/pico-sdk/src/rp2_common/pico_stdio/stdio.c.o
LOAD CMakeFiles/main.dir/pico-sdk/src/rp2_common/pico_stdio_uart/stdio_uart.c.o
LOAD CMakeFiles/main.dir/pico-sdk/src/rp2_common/pico_stdio_usb/reset_interface.c.o
LOAD CMakeFiles/main.dir/pico-sdk/src/rp2_common/pico_stdio_usb/stdio_usb.c.o
LOAD CMakeFiles/main.dir/pico-sdk/src/rp2_common/pico_stdio_usb/stdio_usb_descriptors.c.o
LOAD CMakeFiles/main.dir/pico-sdk/src/rp2_common/pico_unique_id/unique_id.c.o
LOAD CMakeFiles/main.dir/pico-sdk/src/rp2_common/hardware_flash/flash.c.o
LOAD CMakeFiles/main.dir/pico-sdk/src/rp2_common/hardware_xip_cache/xip_cache.c.o
LOAD CMakeFiles/main.dir/pico-sdk/lib/tinyusb/src/portable/raspberrypi/rp2040/dcd_rp2040.c.o
LOAD CMakeFiles/main.dir/pico-sdk/lib/tinyusb/src/portable/raspberrypi/rp2040/rp2040_usb.c.o
LOAD CMakeFiles/main.dir/pico-sdk/lib/tinyusb/src/device/usbd.c.o
LOAD CMakeFiles/main.dir/pico-sdk/lib/tinyusb/src/device/usbd_control.c.o
LOAD CMakeFiles/main.dir/pico-sdk/lib/tinyusb/src/class/audio/audio_device.c.o
LOAD CMakeFiles/main.dir/pico-sdk/lib/tinyusb/src/class/cdc/cdc_device.c.o
LOAD CMakeFiles/main.dir/pico-sdk/lib/tinyusb/src/class/dfu/dfu_device.c.o
LOAD CMakeFiles/main.dir/pico-sdk/lib/tinyusb/src/class/dfu/dfu_rt_device.c.o
LOAD CMakeFiles/main.dir/pico-sdk/lib/tinyusb/src/class/hid/hid_device.c.o
LOAD CMakeFiles/main.dir/pico-sdk/lib/tinyusb/src/class/midi/midi_device.c.o
LOAD CMakeFiles/main.dir/pico-sdk/lib/tinyusb/src/class/msc/msc_device.c.o
LOAD CMakeFiles/main.dir/pico-sdk/lib/tinyusb/src/class/net/ecm_rndis_device.c.o
LOAD CMakeFiles/main.dir/pico-sdk/lib/tinyusb/src/class/net/ncm_device.c.o
LOAD CMakeFiles/main.dir/pico-sdk/lib/tinyusb/src/class/usbtmc/usbtmc_device.c.o
LOAD CMakeFiles/main.dir/pico-sdk/lib/tinyusb/src/class/vendor/vendor_device.c.o
LOAD CMakeFiles/main.dir/pico-sdk/lib/tinyusb/src/class/video/video_device.c.o
LOAD CMakeFiles/main.dir/pico-sdk/lib/tinyusb/src/tusb.c.o
LOAD CMakeFiles/main.dir/pico-sdk/lib/tinyusb/src/common/tusb_fifo.c.o
LOAD CMakeFiles/main.dir/pico-sdk/src/rp2_common/pico_fix/rp2040_usb_device_enumeration/rp2040_usb_device_enumeration.c.o
LOAD pico-sdk/src/rp2040/boot_stage2/CMakeFiles/bs2_default_library.dir/bs2_default_padded_checksummed.S.o
LOAD /usr/lib/gcc/arm-none-eabi/10.3.1/../../../arm-none-eabi/lib/thumb/v6-m/nofp/libstdc++.a
LOAD /usr/lib/gcc/arm-none-eabi/10.3.1/../../../arm-none-eabi/lib/thumb/v6-m/nofp/libm.a
START GROUP
LOAD /usr/lib/gcc/arm-none-eabi/10.3.1/thumb/v6-m/nofp/libgcc.a
LOAD /usr/lib/gcc/arm-none-eabi/10.3.1/../../../arm-none-eabi/lib/thumb/v6-m/nofp/libg.a
LOAD /usr/lib/gcc/arm-none-eabi/10.3.1/../../../arm-none-eabi/lib/thumb/v6-m/nofp/libc.a
END GROUP
START GROUP
LOAD /usr/lib/gcc/arm-none-eabi/10.3.1/thumb/v6-m/nofp/libgcc.a
LOAD /usr/lib/gcc/arm-none-eabi/10.3.1/../../../arm-none-eabi/lib/thumb/v6-m/nofp/libc.a
LOAD /usr/lib/gcc/arm-none-eabi/10.3.1/../../../arm-none-eabi/lib/thumb/v6-m/nofp/libnosys.a
END GROUP
LOAD /usr/lib/gcc/arm-none-eabi/10.3.1/thumb/v6-m/nofp/crtend.o
LOAD /usr/lib/gcc/arm-none-eabi/10.3.1/thumb/v6-m/nofp/crtn.o
OUTPUT(main.elf elf32-littlearm)
LOAD linker stubs

.ARM.attributes
                0x0000000000000000       0x28
 .ARM.attributes
                0x0000000000000000       0x1e /usr/lib/gcc/arm-none-eabi/10.3.1/thumb/v6-m/nofp/crti.o
 .ARM.attributes
                0x000000000000001e       0x2c /usr/lib/gcc/arm-none-eabi/10.3.1/thumb/v6-m/nofp/crtbegin.o
 .ARM.attributes
                0x000000000000004a       0x2c CMakeFiles/main.dir/home/enigma/particle_sim/main.c.o
 .ARM.attributes
                0x0000000000000076       0x2c CMakeFiles/main.dir/home/enigma/particle_sim/particles/particles.c.o
 .ARM.attributes
                0x00000000000000a2       0x2c CMakeFiles/main.dir/platform.c.o
 .ARM.attributes
                0x00000000000000ce       0x2c CMakeFiles/main.dir/pico-sdk/src/rp2_common/pico_platform_panic/panic.c.o
 .ARM.attributes
                0x00000000000000fa       0x2c CMakeFiles/main.dir/pico-sdk/src/common/hardware_claim/claim.c.o
 .ARM.attributes
                0x0000000000000126       0x2c CMakeFiles/main.dir/pico-sdk/src/rp2_common/hardware_sync/sync.c.o
 .ARM.attributes
                0x0000000000000152       0x2c CMakeFiles/main.dir/pico-sdk/src/rp2_common/hardware_sync_spin_lock/sync_spin_lock.c.o
 .ARM.attributes
                0x000000000000017e       0x2c CMakeFiles/main.dir/pico-sdk/src/rp2_common/hardware_irq/irq.c.o
 .ARM.attributes
                0x00000000000001aa       0x2c CMakeFiles/main.dir/pico-sdk/src/common/pico_sync/lock_core.c.o
 .ARM.attributes
                0x00000000000001d6       0x2c CMakeFiles/main.dir/pico-sdk/src/common/pico_sync/mutex.c.o
 .ARM.attributes
                0x0000000000000202       0x2c CMakeFiles/main.dir/pico-sdk/src/common/pico_time/time.c.o
 .ARM.attributes
                0x000000000000022e       0x2c CMakeFiles/main.dir/pico-sdk/src/rp2_common/hardware_timer/timer.c.o
 .ARM.attributes
                0x000000000000025a       0x2c CMakeFiles/main.dir/pico-sdk/src/rp2_common/hardware_clocks/clocks.c.o
 .ARM.attributes
                0x0000000000000286       0x2c CMakeFiles/main.dir/pico-sdk/src/rp2_common/hardware_pll/pll.c.o
 .ARM.attributes
                0x00000000000002b2       0x2c CMakeFiles/main.dir/pico-sdk/src/rp2_common/hardware_ticks/ticks.c.o
 .ARM.attributes
                0x00000000000002de       0x2c CMakeFiles/main.dir/pico-sdk/src/rp2_common/pico_bootrom/bootrom.c.o
 .ARM.attributes
                0x000000000000030a       0x2c CMakeFiles/main.dir/pico-sdk/src/rp2_common/hardware_xosc/xosc.c.o
 .ARM.attributes
                0x0000000000000336       0x2c CMakeFiles/main.dir/pico-sdk/src/rp2_common/pico_runtime/runtime.c.o
 .ARM.attributes
                0x0000000000000362       0x2c CMakeFiles/main.dir/pico-sdk/src/rp2_common/pico_runtime_init/runtime_init.c.o
 .ARM.attributes
                0x000000000000038e       0x2c CMakeFiles/main.dir/pico-sdk/src/rp2_common/pico_runtime_init/runtime_init_clocks.c.o
 .ARM.attributes
                0x00000000000003ba       0x22 CMakeFiles/main.dir/pico-sdk/src/rp2_common/pico_bit_ops/bit_ops_aeabi.S.o
 .ARM.attributes
                0x00000000000003dc       0x22 CMakeFiles/main.dir/pico-sdk/src/rp2_common/pico_divider/divider_hardware.S.o
 .ARM.attributes
                0x00000000000003fe       0x22 CMakeFiles/main.dir/pico-sdk/src/rp2_common/pico_double/double_aeabi_rp2040.S.o
 .ARM.attributes
                0x0000000000000420       0x2c CMakeFiles/main.dir/pico-sdk/src/rp2_common/pico_double/double_init_rom_rp2040.c.o
 .ARM.attributes
                0x000000000000044c       0x22 CMakeFiles/main.dir/pico-sdk/src/rp2_common/pico_double/double_v1_rom_shim_rp2040.S.o
 .ARM.attributes
                0x000000000000046e       0x22 CMakeFiles/main.dir/pico-sdk/src/rp2_common/pico_int64_ops/pico_int64_ops_aeabi.S.o
 .ARM.attributes
                0x0000000000000490       0x22 CMakeFiles/main.dir/pico-sdk/src/rp2_common/pico_float/float_aeabi_rp2040.S.o
 .ARM.attributes
                0x00000000000004b2       0x2c CMakeFiles/main.dir/pico-sdk/src/rp2_common/pico_float/float_init_rom_rp2040.c.o
 .ARM.attributes
                0x00000000000004de       0x22 CMakeFiles/main.dir/pico-sdk/src/rp2_common/pico_mem_ops/mem_ops_aeabi.S.o
 .ARM.attributes
                0x0000000000000500       0x32 CMakeFiles/main.dir/pico-sdk/src/rp2_common/pico_standard_binary_info/standard_binary_info.c.o
 .ARM.attributes
                0x0000000000000532       0x2c CMakeFiles/main.dir/pico-sdk/src/rp2_common/pico_printf/printf.c.o
 .ARM.attributes
                0x000000000000055e       0x22 CMakeFiles/main.dir/pico-sdk/src/rp2_common/pico_crt0/crt0.S.o
 .ARM.attributes
                0x0000000000000580       0x2c CMakeFiles/main.dir/pico-sdk/src/rp2_common/pico_clib_interface/newlib_interface.c.o
 .ARM.attributes
                0x00000000000005ac       0x2c CMakeFiles/main.dir/pico-sdk/src/rp2_common/pico_stdio/stdio.c.o
 .ARM.attributes
                0x00000000000005d8       0x2c CMakeFiles/main.dir/pico-sdk/src/rp2_common/pico_unique_id/unique_id.c.o
 .ARM.attributes
                0x0000000000000604       0x2c CMakeFiles/main.dir/pico-sdk/src/rp2_common/hardware_flash/flash.c.o
 .ARM.attributes
                0x0000000000000630       0x22 pico-sdk/src/rp2040/boot_stage2/CMakeFiles/bs2_default_library.dir/bs2_default_padded_checksummed.S.o
 .ARM.attributes
                0x0000000000000652       0x1e /usr/lib/gcc/arm-none-eabi/10.3.1/thumb/v6-m/nofp/libgcc.a(_dvmd_tls.o)
 .ARM.attributes
                0x0000000000000670       0x2c /usr/lib/gcc/arm-none-eabi/10.3.1/../../../arm-none-eabi/lib/thumb/v6-m/nofp/libg.a(lib_a-impure.o)
 .ARM.attributes
                0x000000000000069c       0x2c /usr/lib/gcc/arm-none-eabi/10.3.1/../../../arm-none-eabi/lib/thumb/v6-m/nofp/libg.a(lib_a-rand.o)
 .ARM.attributes
                0x00000000000006c8       0x2c /usr/lib/gcc/arm-none-eabi/10.3.1/../../../arm-none-eabi/lib/thumb/v6-m/nofp/libg.a(lib_a-strlen-stub.o)
 .ARM.attributes
                0x00000000000006f4       0x2c /usr/lib/gcc/arm-none-eabi/10.3.1/thumb/v6-m/nofp/crtend.o

.comment        0x0000000000000000       0x33
 .comment       0x0000000000000000       0x33 /usr/lib/gcc/arm-none-eabi/10.3.1/thumb/v6-m/nofp/crtbegin.o
                                         0x34 (size before relaxing)
 .comment       0x0000000000000033       0x34 CMakeFiles/main.dir/home/enigma/particle_sim/main.c.o
 .comment       0x0000000000000033       0x34 CMakeFiles/main.dir/home/enigma/particle_sim/particles/particles.c.o
 .comment       0x0000000000000033       0x34 CMakeFiles/main.dir/platform.c.o
 .comment       0x0000000000000033       0x34 CMakeFiles/main.dir/pico-sdk/src/rp2_common/pico_platform_panic/panic.c.o
 .comment       0x0000000000000033       0x34 CMakeFiles/main.dir/pico-sdk/src/common/hardware_claim/claim.c.o
 .comment       0x0000000000000033       0x34 CMakeFiles/main.dir/pico-sdk/src/rp2_common/hardware_sync/sync.c.o
 .comment       0x0000000000000033       0x34 CMakeFiles/main.dir/pico-sdk/src/rp2_common/hardware_sync_spin_lock/sync_spin_lock.c.o
 .comment       0x0000000000000033       0x34 CMakeFiles/main.dir/pico-sdk/src/rp2_common/hardware_irq/irq.c.o
 .comment       0x0000000000000033       0x34 CMakeFiles/main.dir/pico-sdk/src/common/pico_sync/lock_core.c.o
 .comment       0x0000000000000033       0x34 CMakeFiles/main.dir/pico-sdk/src/common/pico_sync/mutex.c.o
 .comment       0x0000000000000033       0x34 CMakeFiles/main.dir/pico-sdk/src/common/pico_time/time.c.o
 .comment       0x0000000000000033       0x34 CMakeFiles/main.dir/pico-sdk/src/rp2_common/hardware_timer/timer.c.o
 .comment       0x0000000000000033       0x34 CMakeFiles/main.dir/pico-sdk/src/rp2_common/hardware_clocks/clocks.c.o
 .comment       0x0000000000000033       0x34 CMakeFiles/main.dir/pico-sdk/src/rp2_common/hardware_pll/pll.c.o
 .comment       0x0000000000000033       0x34 CMakeFiles/main.dir/pico-sdk/src/rp2_common/hardware_ticks/ticks.c.o
 .comment       0x0000000000000033       0x34 CMakeFiles/main.dir/pico-sdk/src/rp2_common/pico_bootrom/bootrom.c.o
 .comment       0x0000000000000033       0x34 CMakeFiles/main.dir/pico-sdk/src/rp2_common/hardware_xosc/xosc.c.o
 .comment       0x0000000000000033       0x34 CMakeFiles/main.dir/pico-sdk/src/rp2_common/pico_runtime/runtime.c.o
 .comment       0x0000000000000033       0x34 CMakeFiles/main.dir/pico-sdk/src/rp2_common/pico_runtime_init/runtime_init.c.o
 .comment       0x0000000000000033       0x34 CMakeFiles/main.dir/pico-sdk/src/rp2_common/pico_runtime_init/runtime_init_clocks.c.o
 .comment       0x0000000000000033       0x34 CMakeFiles/main.dir/pico-sdk/src/rp2_common/pico_double/double_init_rom_rp2040.c.o
 .comment       0x0000000000000033       0x34 CMakeFiles/main.dir/pico-sdk/src/rp2_common/pico_float/float_init_rom_rp2040.c.o
 .comment       0x0000000000000033       0x34 CMakeFiles/main.dir/pico-sdk/src/rp2_common/pico_standard_binary_info/standard_binary_info.c.o
 .comment       0x0000000000000033       0x34 CMakeFiles/main.dir/pico-sdk/src/rp2_common/pico_printf/printf.c.o
 .comment       0x0000000000000033       0x34 CMakeFiles/main.dir/pico-sdk/src/rp2_common/pico_clib_interface/newlib_interface.c.o
 .comment       0x0000000000000033       0x34 CMakeFiles/main.dir/pico-sdk/src/rp2_common/pico_stdio/stdio.c.o
 .comment       0x0000000000000033       0x34 CMakeFiles/main.dir/pico-sdk/src/rp2_common/pico_unique_id/unique_id.c.o
 .comment       0x0000000000000033       0x34 CMakeFiles/main.dir/pico-sdk/src/rp2_common/hardware_flash/flash.c.o
 .comment       0x0000000000000033       0x34 /usr/lib/gcc/arm-none-eabi/10.3.1/../../../arm-none-eabi/lib/thumb/v6-m/nofp/libg.a(lib_a-impure.o)
 .comment       0x0000000000000033       0x34 /usr/lib/gcc/arm-none-eabi/10.3.1/../../../arm-none-eabi/lib/thumb/v6-m/nofp/libg.a(lib_a-rand.o)
 .comment       0x0000000000000033       0x34 /usr/lib/gcc/arm-none-eabi/10.3.1/../../../arm-none-eabi/lib/thumb/v6-m/nofp/libg.a(lib_a-strlen-stub.o)
 .comment       0x0000000000000033       0x34 /usr/lib/gcc/arm-none-eabi/10.3.1/thumb/v6-m/nofp/crtend.o

.debug_info     0x0000000000000000    0x19dbc
 .debug_info    0x0000000000000000      0x395 CMakeFiles/main.dir/home/enigma/particle_sim/main.c.o
 .debug_info    0x0000000000000395      0x50d CMakeFiles/main.dir/home/enigma/particle_sim/particles/particles.c.o
 .debug_info    0x00000000000008a2      0x1c6 CMakeFiles/main.dir/platform.c.o
 .debug_info    0x0000000000000a68      0x19c CMakeFiles/main.dir/pico-sdk/src/rp2_common/pico_platform_panic/panic.c.o
 .debug_info    0x0000000000000c04      0xa39 CMakeFiles/main.dir/pico-sdk/src/common/hardware_claim/claim.c.o
 .debug_info    0x000000000000163d      0x3dd CMakeFiles/main.dir/pico-sdk/src/rp2_common/hardware_sync/sync.c.o
 .debug_info    0x0000000000001a1a      0x242 CMakeFiles/main.dir/pico-sdk/src/rp2_common/hardware_sync_spin_lock/sync_spin_lock.c.o
 .debug_info    0x0000000000001c5c     0x21fa CMakeFiles/main.dir/pico-sdk/src/rp2_common/hardware_irq/irq.c.o
 .debug_info    0x0000000000003e56      0x154 CMakeFiles/main.dir/pico-sdk/src/common/pico_sync/lock_core.c.o
 .debug_info    0x0000000000003faa     0x2a97 CMakeFiles/main.dir/pico-sdk/src/common/pico_sync/mutex.c.o
 .debug_info    0x0000000000006a41     0x49ac CMakeFiles/main.dir/pico-sdk/src/common/pico_time/time.c.o
 .debug_info    0x000000000000b3ed     0x2ac2 CMakeFiles/main.dir/pico-sdk/src/rp2_common/hardware_timer/timer.c.o
 .debug_info    0x000000000000deaf     0x28ea CMakeFiles/main.dir/pico-sdk/src/rp2_common/hardware_clocks/clocks.c.o
 .debug_info    0x0000000000010799      0x4f9 CMakeFiles/main.dir/pico-sdk/src/rp2_common/hardware_pll/pll.c.o
 .debug_info    0x0000000000010c92      0x242 CMakeFiles/main.dir/pico-sdk/src/rp2_common/hardware_ticks/ticks.c.o
 .debug_info    0x0000000000010ed4      0x4a4 CMakeFiles/main.dir/pico-sdk/src/rp2_common/pico_bootrom/bootrom.c.o
 .debug_info    0x0000000000011378      0x1c5 CMakeFiles/main.dir/pico-sdk/src/rp2_common/hardware_xosc/xosc.c.o
 .debug_info    0x000000000001153d      0x208 CMakeFiles/main.dir/pico-sdk/src/rp2_common/pico_runtime/runtime.c.o
 .debug_info    0x0000000000011745      0x7c4 CMakeFiles/main.dir/pico-sdk/src/rp2_common/pico_runtime_init/runtime_init.c.o
 .debug_info    0x0000000000011f09      0x701 CMakeFiles/main.dir/pico-sdk/src/rp2_common/pico_runtime_init/runtime_init_clocks.c.o
 .debug_info    0x000000000001260a       0x22 CMakeFiles/main.dir/pico-sdk/src/rp2_common/pico_bit_ops/bit_ops_aeabi.S.o
 .debug_info    0x000000000001262c       0x22 CMakeFiles/main.dir/pico-sdk/src/rp2_common/pico_divider/divider_hardware.S.o
 .debug_info    0x000000000001264e       0x22 CMakeFiles/main.dir/pico-sdk/src/rp2_common/pico_double/double_aeabi_rp2040.S.o
 .debug_info    0x0000000000012670      0x24e CMakeFiles/main.dir/pico-sdk/src/rp2_common/pico_double/double_init_rom_rp2040.c.o
 .debug_info    0x00000000000128be       0x26 CMakeFiles/main.dir/pico-sdk/src/rp2_common/pico_double/double_v1_rom_shim_rp2040.S.o
 .debug_info    0x00000000000128e4       0x26 CMakeFiles/main.dir/pico-sdk/src/rp2_common/pico_int64_ops/pico_int64_ops_aeabi.S.o
 .debug_info    0x000000000001290a       0x22 CMakeFiles/main.dir/pico-sdk/src/rp2_common/pico_float/float_aeabi_rp2040.S.o
 .debug_info    0x000000000001292c      0x246 CMakeFiles/main.dir/pico-sdk/src/rp2_common/pico_float/float_init_rom_rp2040.c.o
 .debug_info    0x0000000000012b72       0x22 CMakeFiles/main.dir/pico-sdk/src/rp2_common/pico_mem_ops/mem_ops_aeabi.S.o
 .debug_info    0x0000000000012b94      0x2cb CMakeFiles/main.dir/pico-sdk/src/rp2_common/pico_standard_binary_info/standard_binary_info.c.o
 .debug_info    0x0000000000012e5f     0x21b1 CMakeFiles/main.dir/pico-sdk/src/rp2_common/pico_printf/printf.c.o
 .debug_info    0x0000000000015010       0x22 CMakeFiles/main.dir/pico-sdk/src/rp2_common/pico_crt0/crt0.S.o
 .debug_info    0x0000000000015032      0xb4e CMakeFiles/main.dir/pico-sdk/src/rp2_common/pico_clib_interface/newlib_interface.c.o
 .debug_info    0x0000000000015b80     0x1cf5 CMakeFiles/main.dir/pico-sdk/src/rp2_common/pico_stdio/stdio.c.o
 .debug_info    0x0000000000017875      0x1eb CMakeFiles/main.dir/pico-sdk/src/rp2_common/pico_unique_id/unique_id.c.o
 .debug_info    0x0000000000017a60      0xfac CMakeFiles/main.dir/pico-sdk/src/rp2_common/hardware_flash/flash.c.o
 .debug_info    0x0000000000018a0c       0x26 /usr/lib/gcc/arm-none-eabi/10.3.1/thumb/v6-m/nofp/libgcc.a(_dvmd_tls.o)
 .debug_info    0x0000000000018a32      0x92a /usr/lib/gcc/arm-none-eabi/10.3.1/../../../arm-none-eabi/lib/thumb/v6-m/nofp/libg.a(lib_a-impure.o)
 .debug_info    0x000000000001935c      0x972 /usr/lib/gcc/arm-none-eabi/10.3.1/../../../arm-none-eabi/lib/thumb/v6-m/nofp/libg.a(lib_a-rand.o)
 .debug_info    0x0000000000019cce       0xee /usr/lib/gcc/arm-none-eabi/10.3.1/../../../arm-none-eabi/lib/thumb/v6-m/nofp/libg.a(lib_a-strlen-stub.o)

.debug_abbrev   0x0000000000000000     0x4b87
 .debug_abbrev  0x0000000000000000      0x16a CMakeFiles/main.dir/home/enigma/particle_sim/main.c.o
 .debug_abbrev  0x000000000000016a      0x131 CMakeFiles/main.dir/home/enigma/particle_sim/particles/particles.c.o
 .debug_abbrev  0x000000000000029b      0x10e CMakeFiles/main.dir/platform.c.o
 .debug_abbrev  0x00000000000003a9       0xf4 CMakeFiles/main.dir/pico-sdk/src/rp2_common/pico_platform_panic/panic.c.o
 .debug_abbrev  0x000000000000049d      0x2e6 CMakeFiles/main.dir/pico-sdk/src/common/hardware_claim/claim.c.o
 .debug_abbrev  0x0000000000000783      0x1de CMakeFiles/main.dir/pico-sdk/src/rp2_common/hardware_sync/sync.c.o
 .debug_abbrev  0x0000000000000961      0x1b2 CMakeFiles/main.dir/pico-sdk/src/rp2_common/hardware_sync_spin_lock/sync_spin_lock.c.o
 .debug_abbrev  0x0000000000000b13      0x588 CMakeFiles/main.dir/pico-sdk/src/rp2_common/hardware_irq/irq.c.o
 .debug_abbrev  0x000000000000109b       0xee CMakeFiles/main.dir/pico-sdk/src/common/pico_sync/lock_core.c.o
 .debug_abbrev  0x0000000000001189      0x413 CMakeFiles/main.dir/pico-sdk/src/common/pico_sync/mutex.c.o
 .debug_abbrev  0x000000000000159c      0x606 CMakeFiles/main.dir/pico-sdk/src/common/pico_time/time.c.o
 .debug_abbrev  0x0000000000001ba2      0x49d CMakeFiles/main.dir/pico-sdk/src/rp2_common/hardware_timer/timer.c.o
 .debug_abbrev  0x000000000000203f      0x49f CMakeFiles/main.dir/pico-sdk/src/rp2_common/hardware_clocks/clocks.c.o
 .debug_abbrev  0x00000000000024de      0x1c6 CMakeFiles/main.dir/pico-sdk/src/rp2_common/hardware_pll/pll.c.o
 .debug_abbrev  0x00000000000026a4      0x141 CMakeFiles/main.dir/pico-sdk/src/rp2_common/hardware_ticks/ticks.c.o
 .debug_abbrev  0x00000000000027e5      0x1d9 CMakeFiles/main.dir/pico-sdk/src/rp2_common/pico_bootrom/bootrom.c.o
 .debug_abbrev  0x00000000000029be      0x118 CMakeFiles/main.dir/pico-sdk/src/rp2_common/hardware_xosc/xosc.c.o
 .debug_abbrev  0x0000000000002ad6      0x16c CMakeFiles/main.dir/pico-sdk/src/rp2_common/pico_runtime/runtime.c.o
 .debug_abbrev  0x0000000000002c42      0x20c CMakeFiles/main.dir/pico-sdk/src/rp2_common/pico_runtime_init/runtime_init.c.o
 .debug_abbrev  0x0000000000002e4e      0x246 CMakeFiles/main.dir/pico-sdk/src/rp2_common/pico_runtime_init/runtime_init_clocks.c.o
 .debug_abbrev  0x0000000000003094       0x12 CMakeFiles/main.dir/pico-sdk/src/rp2_common/pico_bit_ops/bit_ops_aeabi.S.o
 .debug_abbrev  0x00000000000030a6       0x12 CMakeFiles/main.dir/pico-sdk/src/rp2_common/pico_divider/divider_hardware.S.o
 .debug_abbrev  0x00000000000030b8       0x12 CMakeFiles/main.dir/pico-sdk/src/rp2_common/pico_double/double_aeabi_rp2040.S.o
 .debug_abbrev  0x00000000000030ca      0x179 CMakeFiles/main.dir/pico-sdk/src/rp2_common/pico_double/double_init_rom_rp2040.c.o
 .debug_abbrev  0x0000000000003243       0x14 CMakeFiles/main.dir/pico-sdk/src/rp2_common/pico_double/double_v1_rom_shim_rp2040.S.o
 .debug_abbrev  0x0000000000003257       0x14 CMakeFiles/main.dir/pico-sdk/src/rp2_common/pico_int64_ops/pico_int64_ops_aeabi.S.o
 .debug_abbrev  0x000000000000326b       0x12 CMakeFiles/main.dir/pico-sdk/src/rp2_common/pico_float/float_aeabi_rp2040.S.o
 .debug_abbrev  0x000000000000327d      0x166 CMakeFiles/main.dir/pico-sdk/src/rp2_common/pico_float/float_init_rom_rp2040.c.o
 .debug_abbrev  0x00000000000033e3       0x12 CMakeFiles/main.dir/pico-sdk/src/rp2_common/pico_mem_ops/mem_ops_aeabi.S.o
 .debug_abbrev  0x00000000000033f5       0xad CMakeFiles/main.dir/pico-sdk/src/rp2_common/pico_standard_binary_info/standard_binary_info.c.o
 .debug_abbrev  0x00000000000034a2      0x517 CMakeFiles/main.dir/pico-sdk/src/rp2_common/pico_printf/printf.c.o
 .debug_abbrev  0x00000000000039b9       0x12 CMakeFiles/main.dir/pico-sdk/src/rp2_common/pico_crt0/crt0.S.o
 .debug_abbrev  0x00000000000039cb      0x315 CMakeFiles/main.dir/pico-sdk/src/rp2_common/pico_clib_interface/newlib_interface.c.o
 .debug_abbrev  0x0000000000003ce0      0x58d CMakeFiles/main.dir/pico-sdk/src/rp2_common/pico_stdio/stdio.c.o
 .debug_abbrev  0x000000000000426d      0x14d CMakeFiles/main.dir/pico-sdk/src/rp2_common/pico_unique_id/unique_id.c.o
 .debug_abbrev  0x00000000000043ba      0x359 CMakeFiles/main.dir/pico-sdk/src/rp2_common/hardware_flash/flash.c.o
 .debug_abbrev  0x0000000000004713       0x14 /usr/lib/gcc/arm-none-eabi/10.3.1/thumb/v6-m/nofp/libgcc.a(_dvmd_tls.o)
 .debug_abbrev  0x0000000000004727      0x1b8 /usr/lib/gcc/arm-none-eabi/10.3.1/../../../arm-none-eabi/lib/thumb/v6-m/nofp/libg.a(lib_a-impure.o)
 .debug_abbrev  0x00000000000048df      0x219 /usr/lib/gcc/arm-none-eabi/10.3.1/../../../arm-none-eabi/lib/thumb/v6-m/nofp/libg.a(lib_a-rand.o)
 .debug_abbrev  0x0000000000004af8       0x8f /usr/lib/gcc/arm-none-eabi/10.3.1/../../../arm-none-eabi/lib/thumb/v6-m/nofp/libg.a(lib_a-strlen-stub.o)

.debug_loc      0x0000000000000000    0x14e63
 .debug_loc     0x0000000000000000       0xe2 CMakeFiles/main.dir/home/enigma/particle_sim/main.c.o
 .debug_loc     0x00000000000000e2      0x2b6 CMakeFiles/main.dir/home/enigma/particle_sim/particles/particles.c.o
 .debug_loc     0x0000000000000398      0x6c7 CMakeFiles/main.dir/pico-sdk/src/common/hardware_claim/claim.c.o
 .debug_loc     0x0000000000000a5f      0x154 CMakeFiles/main.dir/pico-sdk/src/rp2_common/hardware_sync/sync.c.o
 .debug_loc     0x0000000000000bb3       0xb5 CMakeFiles/main.dir/pico-sdk/src/rp2_common/hardware_sync_spin_lock/sync_spin_lock.c.o
 .debug_loc     0x0000000000000c68     0x1b3c CMakeFiles/main.dir/pico-sdk/src/rp2_common/hardware_irq/irq.c.o
 .debug_loc     0x00000000000027a4       0x4d CMakeFiles/main.dir/pico-sdk/src/common/pico_sync/lock_core.c.o
 .debug_loc     0x00000000000027f1     0x1b8e CMakeFiles/main.dir/pico-sdk/src/common/pico_sync/mutex.c.o
 .debug_loc     0x000000000000437f     0x401c CMakeFiles/main.dir/pico-sdk/src/common/pico_time/time.c.o
 .debug_loc     0x000000000000839b     0x2541 CMakeFiles/main.dir/pico-sdk/src/rp2_common/hardware_timer/timer.c.o
 .debug_loc     0x000000000000a8dc     0x31ea CMakeFiles/main.dir/pico-sdk/src/rp2_common/hardware_clocks/clocks.c.o
 .debug_loc     0x000000000000dac6      0x28f CMakeFiles/main.dir/pico-sdk/src/rp2_common/hardware_pll/pll.c.o
 .debug_loc     0x000000000000dd55       0x57 CMakeFiles/main.dir/pico-sdk/src/rp2_common/hardware_ticks/ticks.c.o
 .debug_loc     0x000000000000ddac      0x4a4 CMakeFiles/main.dir/pico-sdk/src/rp2_common/pico_bootrom/bootrom.c.o
 .debug_loc     0x000000000000e250       0x71 CMakeFiles/main.dir/pico-sdk/src/rp2_common/hardware_xosc/xosc.c.o
 .debug_loc     0x000000000000e2c1       0xbc CMakeFiles/main.dir/pico-sdk/src/rp2_common/pico_runtime/runtime.c.o
 .debug_loc     0x000000000000e37d      0x11c CMakeFiles/main.dir/pico-sdk/src/rp2_common/pico_runtime_init/runtime_init.c.o
 .debug_loc     0x000000000000e499       0xa7 CMakeFiles/main.dir/pico-sdk/src/rp2_common/pico_runtime_init/runtime_init_clocks.c.o
 .debug_loc     0x000000000000e540       0x44 CMakeFiles/main.dir/pico-sdk/src/rp2_common/pico_double/double_init_rom_rp2040.c.o
 .debug_loc     0x000000000000e584       0x74 CMakeFiles/main.dir/pico-sdk/src/rp2_common/pico_float/float_init_rom_rp2040.c.o
 .debug_loc     0x000000000000e5f8     0x3c08 CMakeFiles/main.dir/pico-sdk/src/rp2_common/pico_printf/printf.c.o
 .debug_loc     0x0000000000012200      0x5b1 CMakeFiles/main.dir/pico-sdk/src/rp2_common/pico_clib_interface/newlib_interface.c.o
 .debug_loc     0x00000000000127b1     0x1572 CMakeFiles/main.dir/pico-sdk/src/rp2_common/pico_stdio/stdio.c.o
 .debug_loc     0x0000000000013d23      0x4aa CMakeFiles/main.dir/pico-sdk/src/rp2_common/pico_unique_id/unique_id.c.o
 .debug_loc     0x00000000000141cd      0xbb0 CMakeFiles/main.dir/pico-sdk/src/rp2_common/hardware_flash/flash.c.o
 .debug_loc     0x0000000000014d7d       0x56 /usr/lib/gcc/arm-none-eabi/10.3.1/../../../arm-none-eabi/lib/thumb/v6-m/nofp/libg.a(lib_a-rand.o)
 .debug_loc     0x0000000000014dd3       0x90 /usr/lib/gcc/arm-none-eabi/10.3.1/../../../arm-none-eabi/lib/thumb/v6-m/nofp/libg.a(lib_a-strlen-stub.o)

.debug_aranges  0x0000000000000000      0xdb8
 .debug_aranges
                0x0000000000000000       0x20 CMakeFiles/main.dir/home/enigma/particle_sim/main.c.o
 .debug_aranges
                0x0000000000000020       0x30 CMakeFiles/main.dir/home/enigma/particle_sim/particles/particles.c.o
 .debug_aranges
                0x0000000000000050       0x40 CMakeFiles/main.dir/platform.c.o
 .debug_aranges
                0x0000000000000090       0x28 CMakeFiles/main.dir/pico-sdk/src/rp2_common/pico_platform_panic/panic.c.o
 .debug_aranges
                0x00000000000000b8       0x48 CMakeFiles/main.dir/pico-sdk/src/common/hardware_claim/claim.c.o
 .debug_aranges
                0x0000000000000100       0x48 CMakeFiles/main.dir/pico-sdk/src/rp2_common/hardware_sync/sync.c.o
 .debug_aranges
                0x0000000000000148       0x28 CMakeFiles/main.dir/pico-sdk/src/rp2_common/hardware_sync_spin_lock/sync_spin_lock.c.o
 .debug_aranges
                0x0000000000000170       0xb0 CMakeFiles/main.dir/pico-sdk/src/rp2_common/hardware_irq/irq.c.o
 .debug_aranges
                0x0000000000000220       0x20 CMakeFiles/main.dir/pico-sdk/src/common/pico_sync/lock_core.c.o
 .debug_aranges
                0x0000000000000240       0x98 CMakeFiles/main.dir/pico-sdk/src/common/pico_sync/mutex.c.o
 .debug_aranges
                0x00000000000002d8       0xe0 CMakeFiles/main.dir/pico-sdk/src/common/pico_time/time.c.o
 .debug_aranges
                0x00000000000003b8       0xf0 CMakeFiles/main.dir/pico-sdk/src/rp2_common/hardware_timer/timer.c.o
 .debug_aranges
                0x00000000000004a8       0x90 CMakeFiles/main.dir/pico-sdk/src/rp2_common/hardware_clocks/clocks.c.o
 .debug_aranges
                0x0000000000000538       0x28 CMakeFiles/main.dir/pico-sdk/src/rp2_common/hardware_pll/pll.c.o
 .debug_aranges
                0x0000000000000560       0x30 CMakeFiles/main.dir/pico-sdk/src/rp2_common/hardware_ticks/ticks.c.o
 .debug_aranges
                0x0000000000000590       0x40 CMakeFiles/main.dir/pico-sdk/src/rp2_common/pico_bootrom/bootrom.c.o
 .debug_aranges
                0x00000000000005d0       0x30 CMakeFiles/main.dir/pico-sdk/src/rp2_common/hardware_xosc/xosc.c.o
 .debug_aranges
                0x0000000000000600       0x38 CMakeFiles/main.dir/pico-sdk/src/rp2_common/pico_runtime/runtime.c.o
 .debug_aranges
                0x0000000000000638       0x48 CMakeFiles/main.dir/pico-sdk/src/rp2_common/pico_runtime_init/runtime_init.c.o
 .debug_aranges
                0x0000000000000680       0x20 CMakeFiles/main.dir/pico-sdk/src/rp2_common/pico_runtime_init/runtime_init_clocks.c.o
 .debug_aranges
                0x00000000000006a0       0x60 CMakeFiles/main.dir/pico-sdk/src/rp2_common/pico_bit_ops/bit_ops_aeabi.S.o
 .debug_aranges
                0x0000000000000700       0x40 CMakeFiles/main.dir/pico-sdk/src/rp2_common/pico_divider/divider_hardware.S.o
 .debug_aranges
                0x0000000000000740      0x140 CMakeFiles/main.dir/pico-sdk/src/rp2_common/pico_double/double_aeabi_rp2040.S.o
 .debug_aranges
                0x0000000000000880       0x28 CMakeFiles/main.dir/pico-sdk/src/rp2_common/pico_double/double_init_rom_rp2040.c.o
 .debug_aranges
                0x00000000000008a8       0x20 CMakeFiles/main.dir/pico-sdk/src/rp2_common/pico_double/double_v1_rom_shim_rp2040.S.o
 .debug_aranges
                0x00000000000008c8       0x20 CMakeFiles/main.dir/pico-sdk/src/rp2_common/pico_int64_ops/pico_int64_ops_aeabi.S.o
 .debug_aranges
                0x00000000000008e8      0x130 CMakeFiles/main.dir/pico-sdk/src/rp2_common/pico_float/float_aeabi_rp2040.S.o
 .debug_aranges
                0x0000000000000a18       0x28 CMakeFiles/main.dir/pico-sdk/src/rp2_common/pico_float/float_init_rom_rp2040.c.o
 .debug_aranges
                0x0000000000000a40       0x38 CMakeFiles/main.dir/pico-sdk/src/rp2_common/pico_mem_ops/mem_ops_aeabi.S.o
 .debug_aranges
                0x0000000000000a78       0x18 CMakeFiles/main.dir/pico-sdk/src/rp2_common/pico_standard_binary_info/standard_binary_info.c.o
 .debug_aranges
                0x0000000000000a90       0x90 CMakeFiles/main.dir/pico-sdk/src/rp2_common/pico_printf/printf.c.o
 .debug_aranges
                0x0000000000000b20       0x28 CMakeFiles/main.dir/pico-sdk/src/rp2_common/pico_crt0/crt0.S.o
 .debug_aranges
                0x0000000000000b48       0xa0 CMakeFiles/main.dir/pico-sdk/src/rp2_common/pico_clib_interface/newlib_interface.c.o
 .debug_aranges
                0x0000000000000be8       0xc8 CMakeFiles/main.dir/pico-sdk/src/rp2_common/pico_stdio/stdio.c.o
 .debug_aranges
                0x0000000000000cb0       0x30 CMakeFiles/main.dir/pico-sdk/src/rp2_common/pico_unique_id/unique_id.c.o
 .debug_aranges
                0x0000000000000ce0       0x60 CMakeFiles/main.dir/pico-sdk/src/rp2_common/hardware_flash/flash.c.o
 .debug_aranges
                0x0000000000000d40       0x20 /usr/lib/gcc/arm-none-eabi/10.3.1/thumb/v6-m/nofp/libgcc.a(_dvmd_tls.o)
 .debug_aranges
                0x0000000000000d60       0x18 /usr/lib/gcc/arm-none-eabi/10.3.1/../../../arm-none-eabi/lib/thumb/v6-m/nofp/libg.a(lib_a-impure.o)
 .debug_aranges
                0x0000000000000d78       0x20 /usr/lib/gcc/arm-none-eabi/10.3.1/../../../arm-none-eabi/lib/thumb/v6-m/nofp/libg.a(lib_a-rand.o)
 .debug_aranges
                0x0000000000000d98       0x20 /usr/lib/gcc/arm-none-eabi/10.3.1/../../../arm-none-eabi/lib/thumb/v6-m/nofp/libg.a(lib_a-strlen-stub.o)

.debug_ranges   0x0000000000000000     0x78a8
 .debug_ranges  0x0000000000000000       0x78 CMakeFiles/main.dir/home/enigma/particle_sim/main.c.o
 .debug_ranges  0x0000000000000078       0x38 CMakeFiles/main.dir/home/enigma/particle_sim/particles/particles.c.o
 .debug_ranges  0x00000000000000b0       0x30 CMakeFiles/main.dir/platform.c.o
 .debug_ranges  0x00000000000000e0       0x18 CMakeFiles/main.dir/pico-sdk/src/rp2_common/pico_platform_panic/panic.c.o
 .debug_ranges  0x00000000000000f8      0x440 CMakeFiles/main.dir/pico-sdk/src/common/hardware_claim/claim.c.o
 .debug_ranges  0x0000000000000538       0xd8 CMakeFiles/main.dir/pico-sdk/src/rp2_common/hardware_sync/sync.c.o
 .debug_ranges  0x0000000000000610       0xa8 CMakeFiles/main.dir/pico-sdk/src/rp2_common/hardware_sync_spin_lock/sync_spin_lock.c.o
 .debug_ranges  0x00000000000006b8      0xa38 CMakeFiles/main.dir/pico-sdk/src/rp2_common/hardware_irq/irq.c.o
 .debug_ranges  0x00000000000010f0       0x28 CMakeFiles/main.dir/pico-sdk/src/common/pico_sync/lock_core.c.o
 .debug_ranges  0x0000000000001118     0x16b0 CMakeFiles/main.dir/pico-sdk/src/common/pico_sync/mutex.c.o
 .debug_ranges  0x00000000000027c8     0x1e68 CMakeFiles/main.dir/pico-sdk/src/common/pico_time/time.c.o
 .debug_ranges  0x0000000000004630      0xe68 CMakeFiles/main.dir/pico-sdk/src/rp2_common/hardware_timer/timer.c.o
 .debug_ranges  0x0000000000005498      0xac8 CMakeFiles/main.dir/pico-sdk/src/rp2_common/hardware_clocks/clocks.c.o
 .debug_ranges  0x0000000000005f60       0xd8 CMakeFiles/main.dir/pico-sdk/src/rp2_common/hardware_pll/pll.c.o
 .debug_ranges  0x0000000000006038       0x38 CMakeFiles/main.dir/pico-sdk/src/rp2_common/hardware_ticks/ticks.c.o
 .debug_ranges  0x0000000000006070      0x118 CMakeFiles/main.dir/pico-sdk/src/rp2_common/pico_bootrom/bootrom.c.o
 .debug_ranges  0x0000000000006188       0x38 CMakeFiles/main.dir/pico-sdk/src/rp2_common/hardware_xosc/xosc.c.o
 .debug_ranges  0x00000000000061c0       0x58 CMakeFiles/main.dir/pico-sdk/src/rp2_common/pico_runtime/runtime.c.o
 .debug_ranges  0x0000000000006218       0xb0 CMakeFiles/main.dir/pico-sdk/src/rp2_common/pico_runtime_init/runtime_init.c.o
 .debug_ranges  0x00000000000062c8       0x28 CMakeFiles/main.dir/pico-sdk/src/rp2_common/pico_runtime_init/runtime_init_clocks.c.o
 .debug_ranges  0x00000000000062f0       0x58 CMakeFiles/main.dir/pico-sdk/src/rp2_common/pico_bit_ops/bit_ops_aeabi.S.o
 .debug_ranges  0x0000000000006348       0x38 CMakeFiles/main.dir/pico-sdk/src/rp2_common/pico_divider/divider_hardware.S.o
 .debug_ranges  0x0000000000006380      0x138 CMakeFiles/main.dir/pico-sdk/src/rp2_common/pico_double/double_aeabi_rp2040.S.o
 .debug_ranges  0x00000000000064b8       0x38 CMakeFiles/main.dir/pico-sdk/src/rp2_common/pico_double/double_init_rom_rp2040.c.o
 .debug_ranges  0x00000000000064f0      0x128 CMakeFiles/main.dir/pico-sdk/src/rp2_common/pico_float/float_aeabi_rp2040.S.o
 .debug_ranges  0x0000000000006618       0x18 CMakeFiles/main.dir/pico-sdk/src/rp2_common/pico_float/float_init_rom_rp2040.c.o
 .debug_ranges  0x0000000000006630       0x30 CMakeFiles/main.dir/pico-sdk/src/rp2_common/pico_mem_ops/mem_ops_aeabi.S.o
 .debug_ranges  0x0000000000006660      0x500 CMakeFiles/main.dir/pico-sdk/src/rp2_common/pico_printf/printf.c.o
 .debug_ranges  0x0000000000006b60       0x20 CMakeFiles/main.dir/pico-sdk/src/rp2_common/pico_crt0/crt0.S.o
 .debug_ranges  0x0000000000006b80      0x120 CMakeFiles/main.dir/pico-sdk/src/rp2_common/pico_clib_interface/newlib_interface.c.o
 .debug_ranges  0x0000000000006ca0      0x8d0 CMakeFiles/main.dir/pico-sdk/src/rp2_common/pico_stdio/stdio.c.o
 .debug_ranges  0x0000000000007570       0xb0 CMakeFiles/main.dir/pico-sdk/src/rp2_common/pico_unique_id/unique_id.c.o
 .debug_ranges  0x0000000000007620      0x288 CMakeFiles/main.dir/pico-sdk/src/rp2_common/hardware_flash/flash.c.o

.debug_line     0x0000000000000000    0x1386d
 .debug_line    0x0000000000000000      0x2ae CMakeFiles/main.dir/home/enigma/particle_sim/main.c.o
 .debug_line    0x00000000000002ae      0x310 CMakeFiles/main.dir/home/enigma/particle_sim/particles/particles.c.o
 .debug_line    0x00000000000005be      0x10a CMakeFiles/main.dir/platform.c.o
 .debug_line    0x00000000000006c8      0x23a CMakeFiles/main.dir/pico-sdk/src/rp2_common/pico_platform_panic/panic.c.o
 .debug_line    0x0000000000000902      0x955 CMakeFiles/main.dir/pico-sdk/src/common/hardware_claim/claim.c.o
 .debug_line    0x0000000000001257      0x4c8 CMakeFiles/main.dir/pico-sdk/src/rp2_common/hardware_sync/sync.c.o
 .debug_line    0x000000000000171f      0x382 CMakeFiles/main.dir/pico-sdk/src/rp2_common/hardware_sync_spin_lock/sync_spin_lock.c.o
 .debug_line    0x0000000000001aa1     0x16dc CMakeFiles/main.dir/pico-sdk/src/rp2_common/hardware_irq/irq.c.o
 .debug_line    0x000000000000317d      0x2b6 CMakeFiles/main.dir/pico-sdk/src/common/pico_sync/lock_core.c.o
 .debug_line    0x0000000000003433     0x1af2 CMakeFiles/main.dir/pico-sdk/src/common/pico_sync/mutex.c.o
 .debug_line    0x0000000000004f25     0x3056 CMakeFiles/main.dir/pico-sdk/src/common/pico_time/time.c.o
 .debug_line    0x0000000000007f7b     0x1ddd CMakeFiles/main.dir/pico-sdk/src/rp2_common/hardware_timer/timer.c.o
 .debug_line    0x0000000000009d58     0x1cf4 CMakeFiles/main.dir/pico-sdk/src/rp2_common/hardware_clocks/clocks.c.o
 .debug_line    0x000000000000ba4c      0x538 CMakeFiles/main.dir/pico-sdk/src/rp2_common/hardware_pll/pll.c.o
 .debug_line    0x000000000000bf84      0x30c CMakeFiles/main.dir/pico-sdk/src/rp2_common/hardware_ticks/ticks.c.o
 .debug_line    0x000000000000c290      0x344 CMakeFiles/main.dir/pico-sdk/src/rp2_common/pico_bootrom/bootrom.c.o
 .debug_line    0x000000000000c5d4      0x337 CMakeFiles/main.dir/pico-sdk/src/rp2_common/hardware_xosc/xosc.c.o
 .debug_line    0x000000000000c90b      0x2c2 CMakeFiles/main.dir/pico-sdk/src/rp2_common/pico_runtime/runtime.c.o
 .debug_line    0x000000000000cbcd      0x542 CMakeFiles/main.dir/pico-sdk/src/rp2_common/pico_runtime_init/runtime_init.c.o
 .debug_line    0x000000000000d10f      0x588 CMakeFiles/main.dir/pico-sdk/src/rp2_common/pico_runtime_init/runtime_init_clocks.c.o
 .debug_line    0x000000000000d697      0x14e CMakeFiles/main.dir/pico-sdk/src/rp2_common/pico_bit_ops/bit_ops_aeabi.S.o
 .debug_line    0x000000000000d7e5      0x2f3 CMakeFiles/main.dir/pico-sdk/src/rp2_common/pico_divider/divider_hardware.S.o
 .debug_line    0x000000000000dad8      0x43f CMakeFiles/main.dir/pico-sdk/src/rp2_common/pico_double/double_aeabi_rp2040.S.o
 .debug_line    0x000000000000df17      0x428 CMakeFiles/main.dir/pico-sdk/src/rp2_common/pico_double/double_init_rom_rp2040.c.o
 .debug_line    0x000000000000e33f       0xaf CMakeFiles/main.dir/pico-sdk/src/rp2_common/pico_double/double_v1_rom_shim_rp2040.S.o
 .debug_line    0x000000000000e3ee       0xb1 CMakeFiles/main.dir/pico-sdk/src/rp2_common/pico_int64_ops/pico_int64_ops_aeabi.S.o
 .debug_line    0x000000000000e49f      0x3f2 CMakeFiles/main.dir/pico-sdk/src/rp2_common/pico_float/float_aeabi_rp2040.S.o
 .debug_line    0x000000000000e891      0x34d CMakeFiles/main.dir/pico-sdk/src/rp2_common/pico_float/float_init_rom_rp2040.c.o
 .debug_line    0x000000000000ebde       0xdb CMakeFiles/main.dir/pico-sdk/src/rp2_common/pico_mem_ops/mem_ops_aeabi.S.o
 .debug_line    0x000000000000ecb9      0x1ae CMakeFiles/main.dir/pico-sdk/src/rp2_common/pico_standard_binary_info/standard_binary_info.c.o
 .debug_line    0x000000000000ee67     0x17fd CMakeFiles/main.dir/pico-sdk/src/rp2_common/pico_printf/printf.c.o
 .debug_line    0x0000000000010664       0xe0 CMakeFiles/main.dir/pico-sdk/src/rp2_common/pico_crt0/crt0.S.o
 .debug_line    0x0000000000010744      0x87a CMakeFiles/main.dir/pico-sdk/src/rp2_common/pico_clib_interface/newlib_interface.c.o
 .debug_line    0x0000000000010fbe     0x1616 CMakeFiles/main.dir/pico-sdk/src/rp2_common/pico_stdio/stdio.c.o
 .debug_line    0x00000000000125d4      0x4aa CMakeFiles/main.dir/pico-sdk/src/rp2_common/pico_unique_id/unique_id.c.o
 .debug_line    0x0000000000012a7e      0x9b5 CMakeFiles/main.dir/pico-sdk/src/rp2_common/hardware_flash/flash.c.o
 .debug_line    0x0000000000013433       0x60 /usr/lib/gcc/arm-none-eabi/10.3.1/thumb/v6-m/nofp/libgcc.a(_dvmd_tls.o)
 .debug_line    0x0000000000013493       0xe4 /usr/lib/gcc/arm-none-eabi/10.3.1/../../../arm-none-eabi/lib/thumb/v6-m/nofp/libg.a(lib_a-impure.o)
 .debug_line    0x0000000000013577      0x184 /usr/lib/gcc/arm-none-eabi/10.3.1/../../../arm-none-eabi/lib/thumb/v6-m/nofp/libg.a(lib_a-rand.o)
 .debug_line    0x00000000000136fb      0x172 /usr/lib/gcc/arm-none-eabi/10.3.1/../../../arm-none-eabi/lib/thumb/v6-m/nofp/libg.a(lib_a-strlen-stub.o)

.debug_str      0x0000000000000000     0x4a3f
 .debug_str     0x0000000000000000      0x292 CMakeFiles/main.dir/home/enigma/particle_sim/main.c.o
                                        0x2dd (size before relaxing)
 .debug_str     0x0000000000000292       0xa8 CMakeFiles/main.dir/home/enigma/particle_sim/particles/particles.c.o
                                        0x276 (size before relaxing)
 .debug_str     0x000000000000033a       0x3d CMakeFiles/main.dir/platform.c.o
                                        0x282 (size before relaxing)
 .debug_str     0x0000000000000377       0xa7 CMakeFiles/main.dir/pico-sdk/src/rp2_common/pico_platform_panic/panic.c.o
                                        0x21b (size before relaxing)
 .debug_str     0x000000000000041e      0x1fc CMakeFiles/main.dir/pico-sdk/src/common/hardware_claim/claim.c.o
                                        0x38f (size before relaxing)
 .debug_str     0x000000000000061a       0xe6 CMakeFiles/main.dir/pico-sdk/src/rp2_common/hardware_sync/sync.c.o
                                        0x333 (size before relaxing)
 .debug_str     0x0000000000000700       0x7c CMakeFiles/main.dir/pico-sdk/src/rp2_common/hardware_sync_spin_lock/sync_spin_lock.c.o
                                        0x255 (size before relaxing)
 .debug_str     0x000000000000077c      0x66d CMakeFiles/main.dir/pico-sdk/src/rp2_common/hardware_irq/irq.c.o
                                        0x9f0 (size before relaxing)
 .debug_str     0x0000000000000de9       0x76 CMakeFiles/main.dir/pico-sdk/src/common/pico_sync/lock_core.c.o
                                        0x221 (size before relaxing)
 .debug_str     0x0000000000000e5f      0x293 CMakeFiles/main.dir/pico-sdk/src/common/pico_sync/mutex.c.o
                                        0x780 (size before relaxing)
 .debug_str     0x00000000000010f2      0xa2d CMakeFiles/main.dir/pico-sdk/src/common/pico_time/time.c.o
                                       0x1160 (size before relaxing)
 .debug_str     0x0000000000001b1f      0x1fc CMakeFiles/main.dir/pico-sdk/src/rp2_common/hardware_timer/timer.c.o
                                        0x9be (size before relaxing)
 .debug_str     0x0000000000001d1b      0x5ac CMakeFiles/main.dir/pico-sdk/src/rp2_common/hardware_clocks/clocks.c.o
                                        0x961 (size before relaxing)
 .debug_str     0x00000000000022c7      0x243 CMakeFiles/main.dir/pico-sdk/src/rp2_common/hardware_pll/pll.c.o
                                        0x468 (size before relaxing)
 .debug_str     0x000000000000250a       0xe3 CMakeFiles/main.dir/pico-sdk/src/rp2_common/hardware_ticks/ticks.c.o
                                        0x297 (size before relaxing)
 .debug_str     0x00000000000025ed      0x189 CMakeFiles/main.dir/pico-sdk/src/rp2_common/pico_bootrom/bootrom.c.o
                                        0x31d (size before relaxing)
 .debug_str     0x0000000000002776       0x8f CMakeFiles/main.dir/pico-sdk/src/rp2_common/hardware_xosc/xosc.c.o
                                        0x24c (size before relaxing)
 .debug_str     0x0000000000002805      0x104 CMakeFiles/main.dir/pico-sdk/src/rp2_common/pico_runtime/runtime.c.o
                                        0x2a2 (size before relaxing)
 .debug_str     0x0000000000002909      0x2e4 CMakeFiles/main.dir/pico-sdk/src/rp2_common/pico_runtime_init/runtime_init.c.o
                                        0x77c (size before relaxing)
 .debug_str     0x0000000000002bed       0x7c CMakeFiles/main.dir/pico-sdk/src/rp2_common/pico_runtime_init/runtime_init_clocks.c.o
                                        0x473 (size before relaxing)
 .debug_str     0x0000000000002c69       0x6d CMakeFiles/main.dir/pico-sdk/src/rp2_common/pico_bit_ops/bit_ops_aeabi.S.o
                                         0x9f (size before relaxing)
 .debug_str     0x0000000000002cd6       0x64 CMakeFiles/main.dir/pico-sdk/src/rp2_common/pico_divider/divider_hardware.S.o
                                         0xa2 (size before relaxing)
 .debug_str     0x0000000000002d3a       0x66 CMakeFiles/main.dir/pico-sdk/src/rp2_common/pico_double/double_aeabi_rp2040.S.o
                                         0xa4 (size before relaxing)
 .debug_str     0x0000000000002da0       0xee CMakeFiles/main.dir/pico-sdk/src/rp2_common/pico_double/double_init_rom_rp2040.c.o
                                        0x2ba (size before relaxing)
 .debug_str     0x0000000000002e8e       0x6c CMakeFiles/main.dir/pico-sdk/src/rp2_common/pico_double/double_v1_rom_shim_rp2040.S.o
                                         0xaa (size before relaxing)
 .debug_str     0x0000000000002efa       0x6a CMakeFiles/main.dir/pico-sdk/src/rp2_common/pico_int64_ops/pico_int64_ops_aeabi.S.o
                                         0xa8 (size before relaxing)
 .debug_str     0x0000000000002f64       0x64 CMakeFiles/main.dir/pico-sdk/src/rp2_common/pico_float/float_aeabi_rp2040.S.o
                                         0xa2 (size before relaxing)
 .debug_str     0x0000000000002fc8       0xa5 CMakeFiles/main.dir/pico-sdk/src/rp2_common/pico_float/float_init_rom_rp2040.c.o
                                        0x29f (size before relaxing)
 .debug_str     0x000000000000306d       0x61 CMakeFiles/main.dir/pico-sdk/src/rp2_common/pico_mem_ops/mem_ops_aeabi.S.o
                                         0x9f (size before relaxing)
 .debug_str     0x00000000000030ce      0x263 CMakeFiles/main.dir/pico-sdk/src/rp2_common/pico_standard_binary_info/standard_binary_info.c.o
                                        0x3f7 (size before relaxing)
 .debug_str     0x0000000000003331      0x293 CMakeFiles/main.dir/pico-sdk/src/rp2_common/pico_printf/printf.c.o
                                        0x4ee (size before relaxing)